Component: ARM Compiler 5.06 update 6 (build 750) Tool: armlink [4d35ed]

==============================================================================

Section Cross References

    startup_stm32f103xb.o(RESET) refers to startup_stm32f103xb.o(STACK) for __initial_sp
    startup_stm32f103xb.o(RESET) refers to startup_stm32f103xb.o(.text) for Reset_Handler
    startup_stm32f103xb.o(RESET) refers to stm32f1xx_it.o(i.NMI_Handler) for NMI_Handler
    startup_stm32f103xb.o(RESET) refers to stm32f1xx_it.o(i.HardFault_Handler) for HardFault_Handler
    startup_stm32f103xb.o(RESET) refers to stm32f1xx_it.o(i.MemManage_Handler) for MemManage_Handler
    startup_stm32f103xb.o(RESET) refers to stm32f1xx_it.o(i.BusFault_Handler) for BusFault_Handler
    startup_stm32f103xb.o(RESET) refers to stm32f1xx_it.o(i.UsageFault_Handler) for UsageFault_Handler
    startup_stm32f103xb.o(RESET) refers to stm32f1xx_it.o(i.SVC_Handler) for SVC_Handler
    startup_stm32f103xb.o(RESET) refers to stm32f1xx_it.o(i.DebugMon_Handler) for DebugMon_Handler
    startup_stm32f103xb.o(RESET) refers to stm32f1xx_it.o(i.PendSV_Handler) for PendSV_Handler
    startup_stm32f103xb.o(RESET) refers to stm32f1xx_it.o(i.SysTick_Handler) for SysTick_Handler
    startup_stm32f103xb.o(RESET) refers to stm32f1xx_it.o(i.USB_LP_CAN1_RX0_IRQHandler) for USB_LP_CAN1_RX0_IRQHandler
    startup_stm32f103xb.o(RESET) refers to stm32f1xx_it.o(i.TIM2_IRQHandler) for TIM2_IRQHandler
    startup_stm32f103xb.o(RESET) refers to stm32f1xx_it.o(i.USART1_IRQHandler) for USART1_IRQHandler
    startup_stm32f103xb.o(RESET) refers to stm32f1xx_it.o(i.USART2_IRQHandler) for USART2_IRQHandler
    startup_stm32f103xb.o(RESET) refers to stm32f1xx_it.o(i.USART3_IRQHandler) for USART3_IRQHandler
    startup_stm32f103xb.o(.text) refers to system_stm32f1xx.o(i.SystemInit) for SystemInit
    startup_stm32f103xb.o(.text) refers to entry.o(.ARM.Collect$$$$00000000) for __main
    pid.o(i.PIDCompute) refers to fadd.o(.text) for __aeabi_fsub
    pid.o(i.PIDCompute) refers to fscalb.o(.text) for __ARM_scalbnf
    pid.o(i.PIDCompute) refers to fmul.o(.text) for __aeabi_fmul
    pid.o(i.PIDCompute) refers to fdiv.o(.text) for __aeabi_fdiv
    pid.o(i.PIDCompute) refers to pid.o(.data) for .data
    pid.o(i.PIDInit) refers to pid.o(i.PIDReset) for PIDReset
    pid.o(i.PIDInit) refers to tim.o(.bss) for htim4
    pid.o(i.PIDReset) refers to pid.o(.data) for .data
    motor.o(i.ConvertDegToPulse) refers to ffltui.o(.text) for __aeabi_ui2f
    motor.o(i.ConvertDegToPulse) refers to ffixui.o(.text) for __aeabi_f2uiz
    motor.o(i.ConvertPulseToDeg) refers to ffltui.o(.text) for __aeabi_ui2f
    motor.o(i.ConvertPulseToDeg) refers to ffixui.o(.text) for __aeabi_f2uiz
    motor.o(i.MotorGetPulse) refers to tim.o(.bss) for htim4
    motor.o(i.MotorInit) refers to stm32f1xx_hal_tim.o(i.HAL_TIM_Base_Start_IT) for HAL_TIM_Base_Start_IT
    motor.o(i.MotorInit) refers to stm32f1xx_hal_tim.o(i.HAL_TIM_PWM_Start) for HAL_TIM_PWM_Start
    motor.o(i.MotorInit) refers to stm32f1xx_hal_tim.o(i.HAL_TIM_Encoder_Start) for HAL_TIM_Encoder_Start
    motor.o(i.MotorInit) refers to pid.o(i.PIDReset) for PIDReset
    motor.o(i.MotorInit) refers to pid.o(i.PIDInit) for PIDInit
    motor.o(i.MotorInit) refers to motor.o(i.MotorSetDir) for MotorSetDir
    motor.o(i.MotorInit) refers to tim.o(.bss) for htim2
    motor.o(i.MotorInit) refers to motor.o(.bss) for .bss
    motor.o(i.MotorMovePos) refers to cfcmple.o(.text) for __aeabi_cfcmple
    motor.o(i.MotorMovePos) refers to fmul.o(.text) for __aeabi_fmul
    motor.o(i.MotorMovePos) refers to ffixi.o(.text) for __aeabi_f2iz
    motor.o(i.MotorMovePos) refers to fflti.o(.text) for __aeabi_i2f
    motor.o(i.MotorMovePos) refers to fscalb.o(.text) for __ARM_scalbnf
    motor.o(i.MotorMovePos) refers to fadd.o(.text) for __aeabi_fadd
    motor.o(i.MotorMovePos) refers to ffixui.o(.text) for __aeabi_f2uiz
    motor.o(i.MotorMovePos) refers to motor.o(i.ConvertDegToPulse) for ConvertDegToPulse
    motor.o(i.MotorMovePos) refers to ffltui.o(.text) for __aeabi_ui2f
    motor.o(i.MotorMovePos) refers to pid.o(i.PIDCompute) for PIDCompute
    motor.o(i.MotorMovePos) refers to motor.o(i.MotorSetDir) for MotorSetDir
    motor.o(i.MotorMovePos) refers to cfrcmple.o(.text) for __aeabi_cfrcmple
    motor.o(i.MotorMovePos) refers to motor.o(i.ConvertPulseToDeg) for ConvertPulseToDeg
    motor.o(i.MotorMovePos) refers to f2d.o(.text) for __aeabi_f2d
    motor.o(i.MotorMovePos) refers to dadd.o(.text) for __aeabi_dadd
    motor.o(i.MotorMovePos) refers to d2f.o(.text) for __aeabi_d2f
    motor.o(i.MotorMovePos) refers to tim.o(.bss) for htim4
    motor.o(i.MotorMovePos) refers to motor.o(.data) for .data
    motor.o(i.MotorMovePos) refers to motor.o(.bss) for .bss
    motor.o(i.MotorSetDir) refers to stm32f1xx_hal_gpio.o(i.HAL_GPIO_WritePin) for HAL_GPIO_WritePin
    motor.o(i.MotorSetDuty) refers to tim.o(.bss) for htim3
[...]
    i.USB_SetDevAddress                      0x08004674   Section        0  stm32f1xx_ll_usb.o(i.USB_SetDevAddress)
    i.USB_WritePMA                           0x08004680   Section        0  stm32f1xx_ll_usb.o(i.USB_WritePMA)
    i.UsageFault_Handler                     0x080046a6   Section        0  stm32f1xx_it.o(i.UsageFault_Handler)
    i.__0printf                              0x080046a8   Section        0  printfa.o(i.__0printf)
    i.__0sprintf                             0x080046c8   Section        0  printfa.o(i.__0sprintf)
    i.__ARM_fpclassify                       0x080046f0   Section        0  fpclassify.o(i.__ARM_fpclassify)
    i.__NVIC_SetPriority                     0x08004718   Section        0  stm32f1xx_hal_cortex.o(i.__NVIC_SetPriority)
    __NVIC_SetPriority                       0x08004719   Thumb Code    32  stm32f1xx_hal_cortex.o(i.__NVIC_SetPriority)
    i.__free$realloc                         0x08004738   Section        0  mallocr.o(i.__free$realloc)
    i.__kernel_poly                          0x08004794   Section        0  poly.o(i.__kernel_poly)
    i.__malloc$realloc                       0x08004840   Section        0  mallocr.o(i.__malloc$realloc)
    i.__mathlib_dbl_divzero                  0x08004890   Section        0  dunder.o(i.__mathlib_dbl_divzero)
    i.__mathlib_dbl_infnan2                  0x080048a0   Section        0  dunder.o(i.__mathlib_dbl_infnan2)
    i.__mathlib_dbl_invalid                  0x080048a4   Section        0  dunder.o(i.__mathlib_dbl_invalid)
    i.__mathlib_dbl_overflow                 0x080048b0   Section        0  dunder.o(i.__mathlib_dbl_overflow)
    i.__mathlib_dbl_underflow                0x080048c0   Section        0  dunder.o(i.__mathlib_dbl_underflow)
    i.__scatterload_copy                     0x080048d0   Section       14  handlers.o(i.__scatterload_copy)
    i.__scatterload_null                     0x080048de   Section        2  handlers.o(i.__scatterload_null)
    i.__scatterload_zeroinit                 0x080048e0   Section       14  handlers.o(i.__scatterload_zeroinit)
    i.__set_errno                            0x080048f0   Section        0  errno.o(i.__set_errno)
    i._fp_digits                             0x080048fc   Section        0  printfa.o(i._fp_digits)
    _fp_digits                               0x080048fd   Thumb Code   366  printfa.o(i._fp_digits)
    i._printf_core                           0x08004a80   Section        0  printfa.o(i._printf_core)
    _printf_core                             0x08004a81   Thumb Code  1744  printfa.o(i._printf_core)
    i._printf_post_padding                   0x0800515c   Section        0  printfa.o(i._printf_post_padding)
    _printf_post_padding                     0x0800515d   Thumb Code    36  printfa.o(i._printf_post_padding)
    i._printf_pre_padding                    0x08005180   Section        0  printfa.o(i._printf_pre_padding)
    _printf_pre_padding                      0x08005181   Thumb Code    46  printfa.o(i._printf_pre_padding)
    i._sputc                                 0x080051ae   Section        0  printfa.o(i._sputc)
    _sputc                                   0x080051af   Thumb Code    10  printfa.o(i._sputc)
    i.fputc                                  0x080051b8   Section        0  main.o(i.fputc)
    i.internal_alloc                         0x080051bc   Section        0  mallocr.o(i.internal_alloc)
    internal_alloc                           0x080051bd   Thumb Code    76  mallocr.o(i.internal_alloc)
    i.main                                   0x0800520c   Section        0  main.o(i.main)
    i.pow                                    0x08005814   Section        0  pow.o(i.pow)
    i.sqrt                                   0x080061ec   Section        0  sqrt.o(i.sqrt)
    i.subString                              0x08006238   Section        0  serial.o(i.subString)
    .constdata                               0x0800625a   Section       16  system_stm32f1xx.o(.constdata)
    .constdata                               0x0800626a   Section        8  system_stm32f1xx.o(.constdata)
    .constdata                               0x08006278   Section      136  pow.o(.constdata)
    bp                                       0x08006278   Data          16  pow.o(.constdata)
    dp_h                                     0x08006288   Data          16  pow.o(.constdata)
    dp_l                                     0x08006298   Data          16  pow.o(.constdata)
    L                                        0x080062a8   Data          48  pow.o(.constdata)
    P                                        0x080062d8   Data          40  pow.o(.constdata)
    .constdata                               0x08006300   Section        8  qnan.o(.constdata)
    .data                                    0x20000000   Section        4  pid.o(.data)
    .data                                    0x20000004   Section       20  motor.o(.data)
    .data                                    0x20000018   Section       28  serial.o(.data)
    .data                                    0x20000034   Section        4  main.o(.data)
    .data                                    0x20000038   Section       24  main.o(.data)
    .data                                    0x20000050   Section       12  stm32f1xx_hal.o(.data)
    .data                                    0x2000005c   Section        4  system_stm32f1xx.o(.data)
    .data                                    0x20000060   Section       28  usbd_desc.o(.data)
    .data                                    0x2000007c   Section       22  usbd_desc.o(.data)
    .data                                    0x20000094   Section       28  usbd_custom_hid_if.o(.data)
    CUSTOM_HID_ReportDesc_FS                 0x20000094   Data          28  usbd_custom_hid_if.o(.data)
    .data                                    0x200000b0   Section       16  usbd_custom_hid_if.o(.data)
    .data                                    0x200000c0   Section        1  usbd_ctlreq.o(.data)
    cfgidx                                   0x200000c0   Data           1  usbd_ctlreq.o(.data)
    .data                                    0x200000c4   Section       60  usbd_customhid.o(.data)
    .data                                    0x20000100   Section       66  usbd_customhid.o(.data)
    USBD_CUSTOM_HID_CfgDesc                  0x20000100   Data          41  usbd_customhid.o(.data)
    USBD_CUSTOM_HID_Desc                     0x2000012c   Data           9  usbd_customhid.o(.data)
    USBD_CUSTOM_HID_DeviceQualifierDesc      0x20000138   Data          10  usbd_customhid.o(.data)
    .data                                    0x20000144   Section        4  stdout.o(.data)
    .data                                    0x20000148   Section        4  mvars.o(.data)
    .data                                    0x2000014c   Section        4  mvars.o(.data)
    .data                                    0x20000150   Section        4  errno.o(.data)
    _errno                                   0x20000150   Data           4  errno.o(.data)
    .bss                                     0x20000154   Section     2500  motor.o(.bss)
    .bss                                     0x20000b18   Section      218  serial.o(.bss)
    .bss                                     0x20000bf4   Section      216  tim.o(.bss)
    .bss                                     0x20000ccc   Section      192  usart.o(.bss)
    .bss                                     0x20000d8c   Section      548  usb_device.o(.bss)
    .bss                                     0x20000fb0   Section       32  usbd_desc.o(.bss)
    .bss                                     0x20000fd0   Section      712  usbd_conf.o(.bss)
    mem                                      0x20000fd0   Data          92  usbd_conf.o(.bss)
    HEAP                                     0x20001298   Section      512  startup_stm32f103xb.o(HEAP)
    STACK                                    0x20001498   Section     1024  startup_stm32f103xb.o(STACK)

    Global Symbols

    Symbol Name                              Value     Ov Type        Size  Object(Section)

    BuildAttributes$$THM_ISAv4$P$D$K$B$S$PE$A:L22UL41UL21$X:L11$S22US41US21$IEEE1$IW$USESV6$~STKCKD$USESV7$~SHL$OTIME$ROPI$IEEEX$EBA8$MICROLIB$REQ8$PRES8$EABIv2 0x00000000   Number         0  anon$$obj.o ABSOLUTE
    __ARM_use_no_argv                        0x00000000   Number         0  main.o ABSOLUTE
    _printf_a                                0x00000000   Number         0  stubs.o ABSOLUTE
    _printf_c                                0x00000000   Number         0  stubs.o ABSOLUTE
    _printf_charcount                        0x00000000   Number         0  stubs.o ABSOLUTE
    _printf_d                                0x00000000   Number         0  stubs.o ABSOLUTE
    _printf_e                                0x00000000   Number         0  stubs.o ABSOLUTE
    _printf_f                                0x00000000   Number         0  stubs.o ABSOLUTE
    _printf_flags                            0x00000000   Number         0  stubs.o ABSOLUTE
    _printf_fp_dec                           0x00000000   Number         0  stubs.o ABSOLUTE
    _printf_fp_hex                           0x00000000   Number         0  stubs.o ABSOLUTE
    _printf_g                                0x00000000   Number         0  stubs.o ABSOLUTE
    _printf_i                                0x00000000   Number         0  stubs.o ABSOLUTE
    _printf_int_dec                          0x00000000   Number         0  stubs.o ABSOLUTE
    _printf_l                                0x00000000   Number         0  stubs.o ABSOLUTE
    _printf_lc                               0x00000000   Number         0  stubs.o ABSOLUTE
    _printf_ll                               0x00000000   Number         0  stubs.o ABSOLUTE
    _printf_lld                              0x00000000   Number         0  stubs.o ABSOLUTE
    _printf_lli                              0x00000000   Number         0  stubs.o ABSOLUTE
    _printf_llo                              0x00000000   Number         0  stubs.o ABSOLUTE
    _printf_llu                              0x00000000   Number         0  stubs.o ABSOLUTE
    _printf_llx                              0x00000000   Number         0  stubs.o ABSOLUTE
    _printf_longlong_dec                     0x00000000   Number         0  stubs.o ABSOLUTE
    _printf_longlong_hex                     0x00000000   Number         0  stubs.o ABSOLUTE
    _printf_longlong_oct                     0x00000000   Number         0  stubs.o ABSOLUTE
    _printf_ls                               0x00000000   Number         0  stubs.o ABSOLUTE
    _printf_mbtowc                           0x00000000   Number         0  stubs.o ABSOLUTE
    _printf_n                                0x00000000   Number         0  stubs.o ABSOLUTE
    _printf_o                                0x00000000   Number         0  stubs.o ABSOLUTE
    _printf_p                                0x00000000   Number         0  stubs.o ABSOLUTE
    _printf_percent                          0x00000000   Number         0  stubs.o ABSOLUTE
    _printf_pre_padding                      0x00000000   Number         0  stubs.o ABSOLUTE
    _printf_return_value                     0x00000000   Number         0  stubs.o ABSOLUTE
    _printf_s                                0x00000000   Number         0  stubs.o ABSOLUTE
    _printf_sizespec                         0x00000000   Number         0  stubs.o ABSOLUTE
    _printf_str                              0x00000000   Number         0  stubs.o ABSOLUTE
    _printf_truncate_signed                  0x00000000   Number         0  stubs.o ABSOLUTE
    _printf_truncate_unsigned                0x00000000   Number         0  stubs.o ABSOLUTE
    _printf_u                                0x00000000   Number         0  stubs.o ABSOLUTE
    _printf_wc                               0x00000000   Number         0  stubs.o ABSOLUTE
    _printf_wctomb                           0x00000000   Number         0  stubs.o ABSOLUTE
    _printf_widthprec                        0x00000000   Number         0  stubs.o ABSOLUTE
    _printf_x                                0x00000000   Number         0  stubs.o ABSOLUTE
    __cpp_initialize__aeabi_                  - Undefined Weak Reference
    __cxa_finalize                            - Undefined Weak Reference
    _clock_init                               - Undefined Weak Reference
    _microlib_exit                            - Undefined Weak Reference
    _scanf_int                                - Undefined Weak Reference
    _scanf_longlong                           - Undefined Weak Reference
    _scanf_string                             - Undefined Weak Reference
    __Vectors_Size                           0x000000ec   Number         0  startup_stm32f103xb.o ABSOLUTE
    __Vectors                                0x08000000   Data           4  startup_stm32f103xb.o(RESET)
    __Vectors_End                            0x080000ec   Data           0  startup_stm32f103xb.o(RESET)
    __main                                   0x080000ed   Thumb Code     0  entry.o(.ARM.Collect$$$$00000000)
    _main_stk                                0x080000ed   Thumb Code     0  entry2.o(.ARM.Collect$$$$00000001)
    _main_scatterload                        0x080000f1   Thumb Code     0  entry5.o(.ARM.Collect$$$$00000004)
    __main_after_scatterload                 0x080000f5   Thumb Code     0  entry5.o(.ARM.Collect$$$$00000004)
    _main_clock                              0x080000f5   Thumb Code     0  entry7b.o(.ARM.Collect$$$$00000008)
    _main_cpp_init                           0x080000f5   Thumb Code     0  entry8b.o(.ARM.Collect$$$$0000000A)
    _main_init                               0x080000f5   Thumb Code     0  entry9a.o(.ARM.Collect$$$$0000000B)
    __rt_final_cpp                           0x080000fd   Thumb Code     0  entry10a.o(.ARM.Collect$$$$0000000D)
    __rt_final_exit                          0x080000fd   Thumb Code     0  entry11a.o(.ARM.Collect$$$$0000000F)
    Reset_Handler                            0x08000101   Thumb Code     8  startup_stm32f103xb.o(.text)
    ADC1_2_IRQHandler                        0x0800011b   Thumb Code     0  startup_stm32f103xb.o(.text)
    CAN1_RX1_IRQHandler                      0x0800011b   Thumb Code     0  startup_stm32f103xb.o(.text)
    CAN1_SCE_IRQHandler                      0x0800011b   Thumb Code     0  startup_stm32f103xb.o(.text)
    DMA1_Channel1_IRQHandler                 0x0800011b   Thumb Code     0  startup_stm32f103xb.o(.text)
    DMA1_Channel2_IRQHandler                 0x0800011b   Thumb Code     0  startup_stm32f103xb.o(.text)
    DMA1_Channel3_IRQHandler                 0x0800011b   Thumb Code     0  startup_stm32f103xb.o(.text)
    DMA1_Channel4_IRQHandler                 0x0800011b   Thumb Code     0  startup_stm32f103xb.o(.text)
    DMA1_Channel5_IRQHandler                 0x0800011b   Thumb Code     0  startup_stm32f103xb.o(.text)
    DMA1_Channel6_IRQHandler                 0x0800011b   Thumb Code     0  startup_stm32f103xb.o(.text)
    DMA1_Channel7_IRQHandler                 0x0800011b   Thumb Code     0  startup_stm32f103xb.o(.text)
    EXTI0_IRQHandler                         0x0800011b   Thumb Code     0  startup_stm32f103xb.o(.text)
    EXTI15_10_IRQHandler                     0x0800011b   Thumb Code     0  startup_stm32f103xb.o(.text)
    EXTI1_IRQHandler                         0x0800011b   Thumb Code     0  startup_stm32f103xb.o(.text)
    EXTI2_IRQHandler                         0x0800011b   Thumb Code     0  startup_stm32f103xb.o(.text)
    EXTI3_IRQHandler                         0x0800011b   Thumb Code     0  startup_stm32f103xb.o(.text)
    EXTI4_IRQHandler                         0x0800011b   Thumb Code     0  startup_stm32f103xb.o(.text)
    EXTI9_5_IRQHandler                       0x0800011b   Thumb Code     0  startup_stm32f103xb.o(.text)
    FLASH_IRQHandler                         0x0800011b   Thumb Code     0  startup_stm32f103xb.o(.text)
    I2C1_ER_IRQHandler                       0x0800011b   Thumb Code     0  startup_stm32f103xb.o(.text)
    I2C1_EV_IRQHandler                       0x0800011b   Thumb Code     0  startup_stm32f103xb.o(.text)
    I2C2_ER_IRQHandler                       0x0800011b   Thumb Code     0  startup_stm32f103xb.o(.text)
    I2C2_EV_IRQHandler                       0x0800011b   Thumb Code     0  startup_stm32f103xb.o(.text)
    PVD_IRQHandler                           0x0800011b   Thumb Code     0  startup_stm32f103xb.o(.text)
    RCC_IRQHandler                           0x0800011b   Thumb Code     0  startup_stm32f103xb.o(.text)
    RTC_Alarm_IRQHandler                     0x0800011b   Thumb Code     0  startup_stm32f103xb.o(.text)
    RTC_IRQHandler                           0x0800011b   Thumb Code     0  startup_stm32f103xb.o(.text)
    SPI1_IRQHandler                          0x0800011b   Thumb Code     0  startup_stm32f103xb.o(.text)
    SPI2_IRQHandler                          0x0800011b   Thumb Code     0  startup_stm32f103xb.o(.text)
    TAMPER_IRQHandler                        0x0800011b   Thumb Code     0  startup_stm32f103xb.o(.text)
    TIM1_BRK_IRQHandler                      0x0800011b   Thumb Code     0  startup_stm32f103xb.o(.text)
    TIM1_CC_IRQHandler                       0x0800011b   Thumb Code     0  startup_stm32f103xb.o(.text)
    TIM1_TRG_COM_IRQHandler                  0x0800011b   Thumb Code     0  startup_stm32f103xb.o(.text)
    TIM1_UP_IRQHandler                       0x0800011b   Thumb Code     0  startup_stm32f103xb.o(.text)
    TIM3_IRQHandler                          0x0800011b   Thumb Code     0  startup_stm32f103xb.o(.text)
    TIM4_IRQHandler                          0x0800011b   Thumb Code     0  startup_stm32f103xb.o(.text)
    USBWakeUp_IRQHandler                     0x0800011b   Thumb Code     0  startup_stm32f103xb.o(.text)
    USB_HP_CAN1_TX_IRQHandler                0x0800011b   Thumb Code     0  startup_stm32f103xb.o(.text)
    WWDG_IRQHandler                          0x0800011b   Thumb Code     0  startup_stm32f103xb.o(.text)
    __aeabi_llsr                             0x08000125   Thumb Code    32  llushr.o(.text)
    _ll_ushift_r                             0x08000125   Thumb Code     0  llushr.o(.text)
    __aeabi_memcpy                           0x08000145   Thumb Code    36  memcpya.o(.text)
    __aeabi_memcpy4                          0x08000145   Thumb Code     0  memcpya.o(.text)
    __aeabi_memcpy8                          0x08000145   Thumb Code     0  memcpya.o(.text)
    __aeabi_memset                           0x08000169   Thumb Code    14  memseta.o(.text)
    __aeabi_memset4                          0x08000169   Thumb Code     0  memseta.o(.text)
    __aeabi_memset8                          0x08000169   Thumb Code     0  memseta.o(.text)
    __aeabi_memclr                           0x08000177   Thumb Code     4  memseta.o(.text)
    __aeabi_memclr4                          0x08000177   Thumb Code     0  memseta.o(.text)
    __aeabi_memclr8                          0x08000177   Thumb Code     0  memseta.o(.text)
    _memset$wrapper                          0x0800017b   Thumb Code    18  memseta.o(.text)
    strlen                                   0x0800018d   Thumb Code    14  strlen.o(.text)
    __aeabi_fadd                             0x0800019b   Thumb Code   164  fadd.o(.text)
    __aeabi_fsub                             0x0800023f   Thumb Code     6  fadd.o(.text)
    __aeabi_frsub                            0x08000245   Thumb Code     6  fadd.o(.text)
    __aeabi_fmul                             0x0800024b   Thumb Code   100  fmul.o(.text)
    __aeabi_fdiv                             0x080002af   Thumb Code   124  fdiv.o(.text)
    __ARM_scalbnf                            0x0800032b   Thumb Code    24  fscalb.o(.text)
    scalbnf                                  0x0800032b   Thumb Code     0  fscalb.o(.text)
    __aeabi_dadd                             0x08000343   Thumb Code   322  dadd.o(.text)
    __aeabi_dsub                             0x08000485   Thumb Code     6  dadd.o(.text)
    __aeabi_drsub                            0x0800048b   Thumb Code     6  dadd.o(.text)
    __aeabi_dmul                             0x08000491   Thumb Code   228  dmul.o(.text)
    __aeabi_ddiv                             0x08000575   Thumb Code   222  ddiv.o(.text)
    __ARM_scalbn                             0x08000653   Thumb Code    46  dscalb.o(.text)
    scalbn                                   0x08000653   Thumb Code     0  dscalb.o(.text)
    __aeabi_i2f                              0x08000681   Thumb Code    18  fflti.o(.text)
    __aeabi_ui2f                             0x08000693   Thumb Code    10  ffltui.o(.text)
    __aeabi_i2d                              0x0800069d   Thumb Code    34  dflti.o(.text)
    __aeabi_ui2d                             0x080006bf   Thumb Code    26  dfltui.o(.text)
    __aeabi_f2iz                             0x080006d9   Thumb Code    50  ffixi.o(.text)
    __aeabi_f2uiz                            0x0800070b   Thumb Code    40  ffixui.o(.text)
    __aeabi_f2d                              0x08000733   Thumb Code    38  f2d.o(.text)
    __aeabi_cdrcmple                         0x08000759   Thumb Code    48  cdrcmple.o(.text)
    __aeabi_d2f                              0x08000789   Thumb Code    56  d2f.o(.text)
    __aeabi_cfcmpeq                          0x080007c1   Thumb Code     0  cfcmple.o(.text)
    __aeabi_cfcmple                          0x080007c1   Thumb Code    20  cfcmple.o(.text)
    __aeabi_cfrcmple                         0x080007d5   Thumb Code    20  cfrcmple.o(.text)
    __aeabi_uidiv                            0x080007e9   Thumb Code     0  uidiv.o(.text)
    __aeabi_uidivmod                         0x080007e9   Thumb Code    44  uidiv.o(.text)
    __aeabi_uldivmod                         0x08000815   Thumb Code    98  uldiv.o(.text)
    __aeabi_llsl                             0x08000877   Thumb Code    30  llshl.o(.text)
    _ll_shift_l                              0x08000877   Thumb Code     0  llshl.o(.text)
    __aeabi_lasr                             0x08000895   Thumb Code    36  llsshr.o(.text)
    _ll_sshift_r                             0x08000895   Thumb Code     0  llsshr.o(.text)
    __I$use$fp                               0x080008b9   Thumb Code     0  iusefp.o(.text)
    _float_round                             0x080008b9   Thumb Code    18  fepilogue.o(.text)
    _float_epilogue                          0x080008cb   Thumb Code    92  fepilogue.o(.text)
    _double_round                            0x08000927   Thumb Code    30  depilogue.o(.text)
    _double_epilogue                         0x08000945   Thumb Code   156  depilogue.o(.text)
    __aeabi_d2ulz                            0x080009e1   Thumb Code    48  dfixul.o(.text)
    __scatterload                            0x08000a11   Thumb Code    28  init.o(.text)
    __scatterload_rt2                        0x08000a11   Thumb Code     0  init.o(.text)
    _dsqrt                                   0x08000a35   Thumb Code   162  dsqrt.o(.text)
    __decompress                             0x08000ad7   Thumb Code     0  __dczerorl2.o(.text)
    __decompress1                            0x08000ad7   Thumb Code    86  __dczerorl2.o(.text)
    BusFault_Handler                         0x08000b2d   Thumb Code     2  stm32f1xx_it.o(i.BusFault_Handler)
    ConvertDegToPulse                        0x08000b6d   Thumb Code    28  motor.o(i.ConvertDegToPulse)
    ConvertPulseToDeg                        0x08000b89   Thumb Code    28  motor.o(i.ConvertPulseToDeg)
    DebugMon_Handler                         0x08000ba5   Thumb Code     2  stm32f1xx_it.o(i.DebugMon_Handler)
    Error_Handler                            0x08000ba7   Thumb Code     2  main.o(i.Error_Handler)
    HAL_DMA_Abort_IT                         0x08000ba9   Thumb Code   148  stm32f1xx_hal_dma.o(i.HAL_DMA_Abort_IT)
    HAL_Delay                                0x08000c41   Thumb Code    32  stm32f1xx_hal.o(i.HAL_Delay)
    HAL_GPIO_Init                            0x08000c65   Thumb Code   446  stm32f1xx_hal_gpio.o(i.HAL_GPIO_Init)
    HAL_GPIO_WritePin                        0x08000e45   Thumb Code    10  stm32f1xx_hal_gpio.o(i.HAL_GPIO_WritePin)
    HAL_GetTick                              0x08000e51   Thumb Code     6  stm32f1xx_hal.o(i.HAL_GetTick)
    HAL_IncTick                              0x08000e5d   Thumb Code    12  stm32f1xx_hal.o(i.HAL_IncTick)
    HAL_Init                                 0x08000e6d   Thumb Code    32  stm32f1xx_hal.o(i.HAL_Init)
    HAL_InitTick                             0x08000e91   Thumb Code    54  stm32f1xx_hal.o(i.HAL_InitTick)
    HAL_MspInit                              0x08000ed1   Thumb Code    52  stm32f1xx_hal_msp.o(i.HAL_MspInit)
    HAL_NVIC_EnableIRQ                       0x08000f0d   Thumb Code    26  stm32f1xx_hal_cortex.o(i.HAL_NVIC_EnableIRQ)
    HAL_NVIC_SetPriority                     0x08000f29   Thumb Code    60  stm32f1xx_hal_cortex.o(i.HAL_NVIC_SetPriority)
    HAL_NVIC_SetPriorityGrouping             0x08000f69   Thumb Code    26  stm32f1xx_hal_cortex.o(i.HAL_NVIC_SetPriorityGrouping)
    HAL_PCDEx_PMAConfig                      0x08000f8d   Thumb Code    52  stm32f1xx_hal_pcd_ex.o(i.HAL_PCDEx_PMAConfig)
    HAL_PCDEx_SetConnectionState             0x08000fc1   Thumb Code     2  usbd_conf.o(i.HAL_PCDEx_SetConnectionState)
    HAL_PCD_DataInStageCallback              0x08000fc3   Thumb Code    14  usbd_conf.o(i.HAL_PCD_DataInStageCallback)
    HAL_PCD_DataOutStageCallback             0x08000fd1   Thumb Code    16  usbd_conf.o(i.HAL_PCD_DataOutStageCallback)
    HAL_PCD_EP_Close                         0x08000fe1   Thumb Code    72  stm32f1xx_hal_pcd.o(i.HAL_PCD_EP_Close)
    HAL_PCD_EP_ClrStall                      0x08001029   Thumb Code    88  stm32f1xx_hal_pcd.o(i.HAL_PCD_EP_ClrStall)
    HAL_PCD_EP_Open                          0x08001081   Thumb Code    92  stm32f1xx_hal_pcd.o(i.HAL_PCD_EP_Open)
    HAL_PCD_EP_Receive                       0x080010dd   Thumb Code    46  stm32f1xx_hal_pcd.o(i.HAL_PCD_EP_Receive)
    HAL_PCD_EP_SetStall                      0x0800110b   Thumb Code   106  stm32f1xx_hal_pcd.o(i.HAL_PCD_EP_SetStall)
    HAL_PCD_EP_Transmit                      0x08001175   Thumb Code    42  stm32f1xx_hal_pcd.o(i.HAL_PCD_EP_Transmit)
    HAL_PCD_IRQHandler                       0x0800119f   Thumb Code   278  stm32f1xx_hal_pcd.o(i.HAL_PCD_IRQHandler)
    HAL_PCD_Init                             0x080012b5   Thumb Code   210  stm32f1xx_hal_pcd.o(i.HAL_PCD_Init)
    HAL_PCD_MspInit                          0x08001389   Thumb Code    50  usbd_conf.o(i.HAL_PCD_MspInit)
    HAL_PCD_ResetCallback                    0x080013c5   Thumb Code    26  usbd_conf.o(i.HAL_PCD_ResetCallback)
    HAL_PCD_ResumeCallback                   0x080013df   Thumb Code     8  usbd_conf.o(i.HAL_PCD_ResumeCallback)
    HAL_PCD_SOFCallback                      0x080013e7   Thumb Code     8  usbd_conf.o(i.HAL_PCD_SOFCallback)
    HAL_PCD_SetAddress                       0x080013ef   Thumb Code    40  stm32f1xx_hal_pcd.o(i.HAL_PCD_SetAddress)
    HAL_PCD_SetupStageCallback               0x08001417   Thumb Code    14  usbd_conf.o(i.HAL_PCD_SetupStageCallback)
    HAL_PCD_Start                            0x08001425   Thumb Code    50  stm32f1xx_hal_pcd.o(i.HAL_PCD_Start)
    HAL_PCD_SuspendCallback                  0x08001459   Thumb Code    30  usbd_conf.o(i.HAL_PCD_SuspendCallback)
    HAL_RCCEx_PeriphCLKConfig                0x0800147d   Thumb Code   224  stm32f1xx_hal_rcc_ex.o(i.HAL_RCCEx_PeriphCLKConfig)
    HAL_RCC_ClockConfig                      0x08001569   Thumb Code   280  stm32f1xx_hal_rcc.o(i.HAL_RCC_ClockConfig)
    HAL_RCC_GetPCLK1Freq                     0x08001695   Thumb Code    20  stm32f1xx_hal_rcc.o(i.HAL_RCC_GetPCLK1Freq)
    HAL_RCC_GetPCLK2Freq                     0x080016b5   Thumb Code    20  stm32f1xx_hal_rcc.o(i.HAL_RCC_GetPCLK2Freq)
    HAL_RCC_GetSysClockFreq                  0x080016d5   Thumb Code    74  stm32f1xx_hal_rcc.o(i.HAL_RCC_GetSysClockFreq)
    HAL_RCC_OscConfig                        0x08001741   Thumb Code   778  stm32f1xx_hal_rcc.o(i.HAL_RCC_OscConfig)
    HAL_SYSTICK_Config                       0x08001a61   Thumb Code    40  stm32f1xx_hal_cortex.o(i.HAL_SYSTICK_Config)
    HAL_TIMEx_BreakCallback                  0x08001a89   Thumb Code     2  stm32f1xx_hal_tim_ex.o(i.HAL_TIMEx_BreakCallback)
    HAL_TIMEx_CommutCallback                 0x08001a8b   Thumb Code     2  stm32f1xx_hal_tim_ex.o(i.HAL_TIMEx_CommutCallback)
    HAL_TIMEx_MasterConfigSynchronization    0x08001a8d   Thumb Code    92  stm32f1xx_hal_tim_ex.o(i.HAL_TIMEx_MasterConfigSynchronization)
    HAL_TIM_Base_Init                        0x08001af5   Thumb Code    90  stm32f1xx_hal_tim.o(i.HAL_TIM_Base_Init)
    HAL_TIM_Base_MspInit                     0x08001b51   Thumb Code    50  tim.o(i.HAL_TIM_Base_MspInit)
    HAL_TIM_Base_Start_IT                    0x08001b89   Thumb Code    76  stm32f1xx_hal_tim.o(i.HAL_TIM_Base_Start_IT)
    HAL_TIM_ConfigClockSource                0x08001be1   Thumb Code   214  stm32f1xx_hal_tim.o(i.HAL_TIM_ConfigClockSource)
    HAL_TIM_Encoder_Init                     0x08001cb7   Thumb Code   164  stm32f1xx_hal_tim.o(i.HAL_TIM_Encoder_Init)
    HAL_TIM_Encoder_MspInit                  0x08001d5d   Thumb Code    72  tim.o(i.HAL_TIM_Encoder_MspInit)
    HAL_TIM_Encoder_Start                    0x08001db1   Thumb Code   142  stm32f1xx_hal_tim.o(i.HAL_TIM_Encoder_Start)
    HAL_TIM_IC_CaptureCallback               0x08001e3f   Thumb Code     2  stm32f1xx_hal_tim.o(i.HAL_TIM_IC_CaptureCallback)
    HAL_TIM_IRQHandler                       0x08001e41   Thumb Code   358  stm32f1xx_hal_tim.o(i.HAL_TIM_IRQHandler)
    HAL_TIM_MspPostInit                      0x08001fa9   Thumb Code    62  tim.o(i.HAL_TIM_MspPostInit)
    HAL_TIM_OC_DelayElapsedCallback          0x08001ff5   Thumb Code     2  stm32f1xx_hal_tim.o(i.HAL_TIM_OC_DelayElapsedCallback)
    HAL_TIM_PWM_ConfigChannel                0x08001ff7   Thumb Code   198  stm32f1xx_hal_tim.o(i.HAL_TIM_PWM_ConfigChannel)
    HAL_TIM_PWM_Init                         0x080020bd   Thumb Code    90  stm32f1xx_hal_tim.o(i.HAL_TIM_PWM_Init)
    HAL_TIM_PWM_MspInit                      0x08002119   Thumb Code    30  tim.o(i.HAL_TIM_PWM_MspInit)
    HAL_TIM_PWM_PulseFinishedCallback        0x08002141   Thumb Code     2  stm32f1xx_hal_tim.o(i.HAL_TIM_PWM_PulseFinishedCallback)
    HAL_TIM_PWM_Start                        0x08002145   Thumb Code   144  stm32f1xx_hal_tim.o(i.HAL_TIM_PWM_Start)
    HAL_TIM_PeriodElapsedCallback            0x080021e1   Thumb Code    86  main.o(i.HAL_TIM_PeriodElapsedCallback)
    HAL_TIM_TriggerCallback                  0x08002249   Thumb Code     2  stm32f1xx_hal_tim.o(i.HAL_TIM_TriggerCallback)
    HAL_UART_ErrorCallback                   0x0800224b   Thumb Code     2  stm32f1xx_hal_uart.o(i.HAL_UART_ErrorCallback)
    HAL_UART_IRQHandler                      0x0800224d   Thumb Code   344  stm32f1xx_hal_uart.o(i.HAL_UART_IRQHandler)
    HAL_UART_Init                            0x080023a9   Thumb Code    98  stm32f1xx_hal_uart.o(i.HAL_UART_Init)
    HAL_UART_MspInit                         0x0800240d   Thumb Code   282  usart.o(i.HAL_UART_MspInit)
    HAL_UART_Receive_IT                      0x08002541   Thumb Code    82  stm32f1xx_hal_uart.o(i.HAL_UART_Receive_IT)
    HAL_UART_RxCpltCallback                  0x08002595   Thumb Code    72  serial.o(i.HAL_UART_RxCpltCallback)
    HAL_UART_TxCpltCallback                  0x080025f9   Thumb Code     2  stm32f1xx_hal_uart.o(i.HAL_UART_TxCpltCallback)
    HardFault_Handler                        0x080025fb   Thumb Code     2  stm32f1xx_it.o(i.HardFault_Handler)
    MX_GPIO_Init                             0x080025fd   Thumb Code   188  gpio.o(i.MX_GPIO_Init)
    MX_TIM2_Init                             0x080026c9   Thumb Code    96  tim.o(i.MX_TIM2_Init)
    MX_TIM3_Init                             0x0800272d   Thumb Code   104  tim.o(i.MX_TIM3_Init)
    MX_TIM4_Init                             0x0800279d   Thumb Code    98  tim.o(i.MX_TIM4_Init)
    MX_USART1_UART_Init                      0x08002809   Thumb Code    48  usart.o(i.MX_USART1_UART_Init)
    MX_USART2_UART_Init                      0x08002841   Thumb Code    48  usart.o(i.MX_USART2_UART_Init)
    MX_USART3_UART_Init                      0x08002879   Thumb Code    48  usart.o(i.MX_USART3_UART_Init)
    MX_USB_DEVICE_Init                       0x080028b1   Thumb Code    38  usb_device.o(i.MX_USB_DEVICE_Init)
    MemManage_Handler                        0x080028e9   Thumb Code     2  stm32f1xx_it.o(i.MemManage_Handler)
    MotorInit                                0x080028ed   Thumb Code    62  motor.o(i.MotorInit)
    MotorMovePos                             0x0800293d   Thumb Code   374  motor.o(i.MotorMovePos)
    MotorSetDir                              0x08002ad5   Thumb Code    56  motor.o(i.MotorSetDir)
    MotorSetDuty                             0x08002b15   Thumb Code     8  motor.o(i.MotorSetDuty)
    MotorTuning                              0x08002b21   Thumb Code   120  motor.o(i.MotorTuning)
    NMI_Handler                              0x08002bad   Thumb Code     2  stm32f1xx_it.o(i.NMI_Handler)
    PIDCompute                               0x08002e71   Thumb Code   204  pid.o(i.PIDCompute)
    PIDInit                                  0x08002f41   Thumb Code    28  pid.o(i.PIDInit)
    PIDReset                                 0x08002f61   Thumb Code    24  pid.o(i.PIDReset)
    PendSV_Handler                           0x08002f7d   Thumb Code     2  stm32f1xx_it.o(i.PendSV_Handler)
    Received                                 0x08002f81   Thumb Code    46  serial.o(i.Received)
    SVC_Handler                              0x08002fcd   Thumb Code     2  stm32f1xx_it.o(i.SVC_Handler)
    SerialAcceptReceive                      0x08002fcf   Thumb Code     2  serial.o(i.SerialAcceptReceive)
    SerialInit                               0x08002fd1   Thumb Code     2  serial.o(i.SerialInit)
    SerialParse                              0x08002fd5   Thumb Code    80  serial.o(i.SerialParse)
    SerialWriteComm                          0x0800302d   Thumb Code    76  serial.o(i.SerialWriteComm)
    StrCompare                               0x08003081   Thumb Code    28  serial.o(i.StrCompare)
    SysTick_Handler                          0x0800309d   Thumb Code     4  stm32f1xx_it.o(i.SysTick_Handler)
    SystemClock_Config                       0x080030a1   Thumb Code    96  main.o(i.SystemClock_Config)
    SystemInit                               0x08003101   Thumb Code     2  system_stm32f1xx.o(i.SystemInit)
    TIM2_IRQHandler                          0x08003105   Thumb Code     6  stm32f1xx_it.o(i.TIM2_IRQHandler)
    TIM_Base_SetConfig                       0x08003111   Thumb Code    94  stm32f1xx_hal_tim.o(i.TIM_Base_SetConfig)
    TIM_CCxChannelCmd                        0x0800317d   Thumb Code    26  stm32f1xx_hal_tim.o(i.TIM_CCxChannelCmd)
    TIM_ETR_SetConfig                        0x08003197   Thumb Code    20  stm32f1xx_hal_tim.o(i.TIM_ETR_SetConfig)
    TIM_OC2_SetConfig                        0x0800320d   Thumb Code    84  stm32f1xx_hal_tim.o(i.TIM_OC2_SetConfig)
    USART1_IRQHandler                        0x080034b9   Thumb Code     6  stm32f1xx_it.o(i.USART1_IRQHandler)
    USART2_IRQHandler                        0x080034c5   Thumb Code     6  stm32f1xx_it.o(i.USART2_IRQHandler)
    USART3_IRQHandler                        0x080034d1   Thumb Code     6  stm32f1xx_it.o(i.USART3_IRQHandler)
    USBD_CUSTOM_HID_RegisterInterface        0x080035c9   Thumb Code    16  usbd_customhid.o(i.USBD_CUSTOM_HID_RegisterInterface)
    USBD_CUSTOM_HID_SendReport               0x080035d9   Thumb Code    40  usbd_customhid.o(i.USBD_CUSTOM_HID_SendReport)
    USBD_ClrClassConfig                      0x080036b9   Thumb Code    14  usbd_core.o(i.USBD_ClrClassConfig)
    USBD_CtlContinueRx                       0x080036c7   Thumb Code    16  usbd_ioreq.o(i.USBD_CtlContinueRx)
    USBD_CtlContinueSendData                 0x080036d7   Thumb Code    16  usbd_ioreq.o(i.USBD_CtlContinueSendData)
    USBD_CtlError                            0x080036e7   Thumb Code    22  usbd_ctlreq.o(i.USBD_CtlError)
    USBD_CtlPrepareRx                        0x080036fd   Thumb Code    30  usbd_ioreq.o(i.USBD_CtlPrepareRx)
    USBD_CtlReceiveStatus                    0x0800371b   Thumb Code    22  usbd_ioreq.o(i.USBD_CtlReceiveStatus)
    USBD_CtlSendData                         0x08003731   Thumb Code    26  usbd_ioreq.o(i.USBD_CtlSendData)
    USBD_CtlSendStatus                       0x0800374b   Thumb Code    22  usbd_ioreq.o(i.USBD_CtlSendStatus)
    USBD_FS_ConfigStrDescriptor              0x08003761   Thumb Code    16  usbd_desc.o(i.USBD_FS_ConfigStrDescriptor)
    USBD_FS_DeviceDescriptor                 0x08003789   Thumb Code     8  usbd_desc.o(i.USBD_FS_DeviceDescriptor)
    USBD_FS_InterfaceStrDescriptor           0x08003795   Thumb Code    16  usbd_desc.o(i.USBD_FS_InterfaceStrDescriptor)
    USBD_FS_LangIDStrDescriptor              0x080037c1   Thumb Code     8  usbd_desc.o(i.USBD_FS_LangIDStrDescriptor)
    USBD_FS_ManufacturerStrDescriptor        0x080037cd   Thumb Code    16  usbd_desc.o(i.USBD_FS_ManufacturerStrDescriptor)
    USBD_FS_ProductStrDescriptor             0x080037f5   Thumb Code    16  usbd_desc.o(i.USBD_FS_ProductStrDescriptor)
    USBD_FS_SerialStrDescriptor              0x08003821   Thumb Code    16  usbd_desc.o(i.USBD_FS_SerialStrDescriptor)
    USBD_GetString                           0x08003937   Thumb Code    70  usbd_ctlreq.o(i.USBD_GetString)
    USBD_Init                                0x0800397d   Thumb Code    42  usbd_core.o(i.USBD_Init)
    USBD_LL_ClearStallEP                     0x080039a7   Thumb Code    32  usbd_conf.o(i.USBD_LL_ClearStallEP)
    USBD_LL_CloseEP                          0x080039c7   Thumb Code    32  usbd_conf.o(i.USBD_LL_CloseEP)
    USBD_LL_DataInStage                      0x080039e7   Thumb Code   170  usbd_core.o(i.USBD_LL_DataInStage)
    USBD_LL_DataOutStage                     0x08003a91   Thumb Code   106  usbd_core.o(i.USBD_LL_DataOutStage)
    USBD_LL_Init                             0x08003afd   Thumb Code   114  usbd_conf.o(i.USBD_LL_Init)
    USBD_LL_IsStallEP                        0x08003b9d   Thumb Code    28  usbd_conf.o(i.USBD_LL_IsStallEP)
    USBD_LL_OpenEP                           0x08003bb9   Thumb Code    38  usbd_conf.o(i.USBD_LL_OpenEP)
    USBD_LL_PrepareReceive                   0x08003bdf   Thumb Code    32  usbd_conf.o(i.USBD_LL_PrepareReceive)
    USBD_LL_Reset                            0x08003bff   Thumb Code    62  usbd_core.o(i.USBD_LL_Reset)
    USBD_LL_Resume                           0x08003c3d   Thumb Code    12  usbd_core.o(i.USBD_LL_Resume)
    USBD_LL_SOF                              0x08003c49   Thumb Code    24  usbd_core.o(i.USBD_LL_SOF)
    USBD_LL_SetSpeed                         0x08003c61   Thumb Code     6  usbd_core.o(i.USBD_LL_SetSpeed)
    USBD_LL_SetUSBAddress                    0x08003c67   Thumb Code    32  usbd_conf.o(i.USBD_LL_SetUSBAddress)
    USBD_LL_SetupStage                       0x08003c87   Thumb Code    90  usbd_core.o(i.USBD_LL_SetupStage)
    USBD_LL_StallEP                          0x08003ce1   Thumb Code    32  usbd_conf.o(i.USBD_LL_StallEP)
    USBD_LL_Start                            0x08003d01   Thumb Code    32  usbd_conf.o(i.USBD_LL_Start)
    USBD_LL_Suspend                          0x08003d21   Thumb Code    18  usbd_core.o(i.USBD_LL_Suspend)
    USBD_LL_Transmit                         0x08003d33   Thumb Code    32  usbd_conf.o(i.USBD_LL_Transmit)
    USBD_ParseSetupRequest                   0x08003d53   Thumb Code    40  usbd_ctlreq.o(i.USBD_ParseSetupRequest)
    USBD_RegisterClass                       0x08003d7b   Thumb Code    16  usbd_core.o(i.USBD_RegisterClass)
    USBD_SetClassConfig                      0x08003d8b   Thumb Code    22  usbd_core.o(i.USBD_SetClassConfig)
    USBD_Start                               0x08003e15   Thumb Code    10  usbd_core.o(i.USBD_Start)
    USBD_StdDevReq                           0x08003e1f   Thumb Code   242  usbd_ctlreq.o(i.USBD_StdDevReq)
    USBD_StdEPReq                            0x08003f11   Thumb Code   220  usbd_ctlreq.o(i.USBD_StdEPReq)
    USBD_StdItfReq                           0x08003fed   Thumb Code    52  usbd_ctlreq.o(i.USBD_StdItfReq)
    USBD_static_free                         0x08004021   Thumb Code     2  usbd_conf.o(i.USBD_static_free)
    USBD_static_malloc                       0x08004025   Thumb Code     4  usbd_conf.o(i.USBD_static_malloc)
    USB_ActivateEndpoint                     0x0800402d   Thumb Code   614  stm32f1xx_ll_usb.o(i.USB_ActivateEndpoint)
    USB_CoreInit                             0x08004293   Thumb Code     4  stm32f1xx_ll_usb.o(i.USB_CoreInit)
    USB_DeactivateEndpoint                   0x08004297   Thumb Code   270  stm32f1xx_ll_usb.o(i.USB_DeactivateEndpoint)
    USB_DevConnect                           0x080043a5   Thumb Code     4  stm32f1xx_ll_usb.o(i.USB_DevConnect)
    USB_DevDisconnect                        0x080043a9   Thumb Code     4  stm32f1xx_ll_usb.o(i.USB_DevDisconnect)
    USB_DevInit                              0x080043ad   Thumb Code    30  stm32f1xx_ll_usb.o(i.USB_DevInit)
    USB_DisableGlobalInt                     0x080043cb   Thumb Code    14  stm32f1xx_ll_usb.o(i.USB_DisableGlobalInt)
    USB_EP0_OutStart                         0x080043d9   Thumb Code     4  stm32f1xx_ll_usb.o(i.USB_EP0_OutStart)
    USB_EPClearStall                         0x080043dd   Thumb Code   120  stm32f1xx_ll_usb.o(i.USB_EPClearStall)
    USB_EPSetStall                           0x08004455   Thumb Code    50  stm32f1xx_ll_usb.o(i.USB_EPSetStall)
    USB_EPStartXfer                          0x08004487   Thumb Code   412  stm32f1xx_ll_usb.o(i.USB_EPStartXfer)
    USB_EnableGlobalInt                      0x08004623   Thumb Code    14  stm32f1xx_ll_usb.o(i.USB_EnableGlobalInt)
    USB_LP_CAN1_RX0_IRQHandler               0x08004631   Thumb Code     6  stm32f1xx_it.o(i.USB_LP_CAN1_RX0_IRQHandler)
    USB_ReadInterrupts                       0x0800463d   Thumb Code     6  stm32f1xx_ll_usb.o(i.USB_ReadInterrupts)
    USB_ReadPMA                              0x08004645   Thumb Code    44  stm32f1xx_ll_usb.o(i.USB_ReadPMA)
    USB_SetCurrentMode                       0x08004671   Thumb Code     4  stm32f1xx_ll_usb.o(i.USB_SetCurrentMode)
    USB_SetDevAddress                        0x08004675   Thumb Code    12  stm32f1xx_ll_usb.o(i.USB_SetDevAddress)
    USB_WritePMA                             0x08004681   Thumb Code    38  stm32f1xx_ll_usb.o(i.USB_WritePMA)
    UsageFault_Handler                       0x080046a7   Thumb Code     2  stm32f1xx_it.o(i.UsageFault_Handler)
    __0printf                                0x080046a9   Thumb Code    22  printfa.o(i.__0printf)
    __1printf                                0x080046a9   Thumb Code     0  printfa.o(i.__0printf)
    __2printf                                0x080046a9   Thumb Code     0  printfa.o(i.__0printf)
    __c89printf                              0x080046a9   Thumb Code     0  printfa.o(i.__0printf)
    printf                                   0x080046a9   Thumb Code     0  printfa.o(i.__0printf)
    __0sprintf                               0x080046c9   Thumb Code    34  printfa.o(i.__0sprintf)
    __1sprintf                               0x080046c9   Thumb Code     0  printfa.o(i.__0sprintf)
    __2sprintf                               0x080046c9   Thumb Code     0  printfa.o(i.__0sprintf)
    __c89sprintf                             0x080046c9   Thumb Code     0  printfa.o(i.__0sprintf)
    sprintf                                  0x080046c9   Thumb Code     0  printfa.o(i.__0sprintf)
    __ARM_fpclassify                         0x080046f1   Thumb Code    40  fpclassify.o(i.__ARM_fpclassify)
    free                                     0x08004739   Thumb Code    88  mallocr.o(i.__free$realloc)
    __kernel_poly                            0x08004795   Thumb Code   170  poly.o(i.__kernel_poly)
    malloc                                   0x08004841   Thumb Code    64  mallocr.o(i.__malloc$realloc)
    __mathlib_dbl_divzero                    0x08004891   Thumb Code    12  dunder.o(i.__mathlib_dbl_divzero)
    __mathlib_dbl_infnan2                    0x080048a1   Thumb Code     4  dunder.o(i.__mathlib_dbl_infnan2)
    __mathlib_dbl_invalid                    0x080048a5   Thumb Code    12  dunder.o(i.__mathlib_dbl_invalid)
    __mathlib_dbl_overflow                   0x080048b1   Thumb Code    14  dunder.o(i.__mathlib_dbl_overflow)
    __mathlib_dbl_underflow                  0x080048c1   Thumb Code    10  dunder.o(i.__mathlib_dbl_underflow)
    __scatterload_copy                       0x080048d1   Thumb Code    14  handlers.o(i.__scatterload_copy)
    __scatterload_null                       0x080048df   Thumb Code     2  handlers.o(i.__scatterload_null)
    __scatterload_zeroinit                   0x080048e1   Thumb Code    14  handlers.o(i.__scatterload_zeroinit)
    __set_errno                              0x080048f1   Thumb Code     6  errno.o(i.__set_errno)
    fputc                                    0x080051b9   Thumb Code     2  main.o(i.fputc)
    main                                     0x0800520d   Thumb Code  1502  main.o(i.main)
    pow                                      0x08005815   Thumb Code  2512  pow.o(i.pow)
    sqrt                                     0x080061ed   Thumb Code    76  sqrt.o(i.sqrt)
    subString                                0x08006239   Thumb Code    34  serial.o(i.subString)
    AHBPrescTable                            0x0800625a   Data          16  system_stm32f1xx.o(.constdata)
    APBPrescTable                            0x0800626a   Data           8  system_stm32f1xx.o(.constdata)
    __mathlib_zero                           0x08006300   Data           8  qnan.o(.constdata)
    Region$$Table$$Base                      0x08006308   Number         0  anon$$obj.o(Region$$Table)
    Region$$Table$$Limit                     0x08006328   Number         0  anon$$obj.o(Region$$Table)
    g_dPIDError                              0x20000000   Data           4  pid.o(.data)
    tProcess                                 0x20000004   Data           1  motor.o(.data)
    g_nIndex                                 0x20000006   Data           2  motor.o(.data)
    g_nDutyCycle                             0x20000008   Data           4  motor.o(.data)
    g_dCmdVel                                0x2000000c   Data           4  motor.o(.data)
    g_nActPulse                              0x20000010   Data           4  motor.o(.data)
    g_nCmdPulse                              0x20000014   Data           4  motor.o(.data)
    g_bDataAvailable                         0x20000018   Data           1  serial.o(.data)
    flag                                     0x20000019   Data           1  serial.o(.data)
    STX                                      0x2000001a   Data           1  serial.o(.data)
    ETX                                      0x2000001b   Data           1  serial.o(.data)
    ACK                                      0x2000001c   Data           1  serial.o(.data)
    rx_data                                  0x2000001d   Data           1  serial.o(.data)
    g_nOption                                0x2000001e   Data           3  serial.o(.data)
    rx_index                                 0x20000024   Data           4  serial.o(.data)
    g_strCommand                             0x20000028   Data           4  serial.o(.data)
    g_nData                                  0x2000002c   Data           8  serial.o(.data)
    last                                     0x20000034   Data           4  main.o(.data)
    g_nTxOption                              0x20000038   Data           3  main.o(.data)
    stop                                     0x2000003c   Data           4  main.o(.data)
    sect                                     0x20000040   Data           4  main.o(.data)
    g_strTxCommand                           0x20000044   Data           4  main.o(.data)
    g_nTxData                                0x20000048   Data           8  main.o(.data)
    uwTickFreq                               0x20000050   Data           1  stm32f1xx_hal.o(.data)
    uwTickPrio                               0x20000054   Data           4  stm32f1xx_hal.o(.data)
    uwTick                                   0x20000058   Data           4  stm32f1xx_hal.o(.data)
    SystemCoreClock                          0x2000005c   Data           4  system_stm32f1xx.o(.data)
    FS_Desc                                  0x20000060   Data          28  usbd_desc.o(.data)
    USBD_LangIDDesc                          0x2000007c   Data           4  usbd_desc.o(.data)
    USBD_FS_DeviceDesc                       0x20000080   Data          18  usbd_desc.o(.data)
    USBD_CustomHID_fops_FS                   0x200000b0   Data          16  usbd_custom_hid_if.o(.data)
    USBD_CUSTOM_HID                          0x200000c4   Data          60  usbd_customhid.o(.data)
    __stdout                                 0x20000144   Data           4  stdout.o(.data)
    __microlib_freelist                      0x20000148   Data           4  mvars.o(.data)
    __microlib_freelist_initialised          0x2000014c   Data           4  mvars.o(.data)
    tPIDControl                              0x20000154   Data        2448  motor.o(.bss)
    tProfile                                 0x20000ae4   Data          52  motor.o(.bss)
    g_nRxBuff                                0x20000b18   Data          18  serial.o(.bss)
    rx_buffer                                0x20000b2a   Data         200  serial.o(.bss)
    htim2                                    0x20000bf4   Data          72  tim.o(.bss)
    htim3                                    0x20000c3c   Data          72  tim.o(.bss)
    htim4                                    0x20000c84   Data          72  tim.o(.bss)
    huart1                                   0x20000ccc   Data          64  usart.o(.bss)
    huart2                                   0x20000d0c   Data          64  usart.o(.bss)
    huart3                                   0x20000d4c   Data          64  usart.o(.bss)
    hUsbDeviceFS                             0x20000d8c   Data         548  usb_device.o(.bss)
    USBD_StrDesc                             0x20000fb0   Data          32  usbd_desc.o(.bss)
    hpcd_USB_FS                              0x2000102c   Data         620  usbd_conf.o(.bss)
    __heap_base                              0x20001298   Data           0  startup_stm32f103xb.o(HEAP)
    __heap_limit                             0x20001498   Data           0  startup_stm32f103xb.o(HEAP)
    __initial_sp                             0x20001898   Data           0  startup_stm32f103xb.o(STACK)



==============================================================================

Memory Map of the image

  Image Entry point : 0x080000ed

  Load Region LR_IROM1 (Base: 0x08000000, Size: 0x0000647c, Max: 0x00010000, ABSOLUTE, COMPRESSED[0x000063d8])

    Execution Region ER_IROM1 (Exec base: 0x08000000, Load base: 0x08000000, Size: 0x00006328, Max: 0x00010000, ABSOLUTE)

    Exec Addr    Load Addr    Size         Type   Attr      Idx    E Section Name        Object

    0x08000000   0x08000000   0x000000ec   Data   RO            3    RESET               startup_stm32f103xb.o
    0x080000ec   0x080000ec   0x00000000   Code   RO         4962  * .ARM.Collect$$$$00000000  mc_w.l(entry.o)
    0x080000ec   0x080000ec   0x00000004   Code   RO         5347    .ARM.Collect$$$$00000001  mc_w.l(entry2.o)
    0x080000f0   0x080000f0   0x00000004   Code   RO         5350    .ARM.Collect$$$$00000004  mc_w.l(entry5.o)
    0x080000f4   0x080000f4   0x00000000   Code   RO         5352    .ARM.Collect$$$$00000008  mc_w.l(entry7b.o)
    0x080000f4   0x080000f4   0x00000000   Code   RO         5354    .ARM.Collect$$$$0000000A  mc_w.l(entry8b.o)
    0x080000f4   0x080000f4   0x00000008   Code   RO         5355    .ARM.Collect$$$$0000000B  mc_w.l(entry9a.o)
    0x080000fc   0x080000fc   0x00000000   Code   RO         5357    .ARM.Collect$$$$0000000D  mc_w.l(entry10a.o)
    0x080000fc   0x080000fc   0x00000000   Code   RO         5359    .ARM.Collect$$$$0000000F  mc_w.l(entry11a.o)
    0x080000fc   0x080000fc   0x00000004   Code   RO         5348    .ARM.Collect$$$$00002712  mc_w.l(entry2.o)
    0x08000100   0x08000100   0x00000024   Code   RO            4    .text               startup_stm32f103xb.o
    0x08000124   0x08000124   0x00000020   Code   RO         4965    .text               mc_w.l(llushr.o)
    0x08000144   0x08000144   0x00000024   Code   RO         4969    .text               mc_w.l(memcpya.o)
    0x08000168   0x08000168   0x00000024   Code   RO         4971    .text               mc_w.l(memseta.o)
    0x0800018c   0x0800018c   0x0000000e   Code   RO         4973    .text               mc_w.l(strlen.o)
    0x0800019a   0x0800019a   0x000000b0   Code   RO         5278    .text               mf_w.l(fadd.o)
    0x0800024a   0x0800024a   0x00000064   Code   RO         5280    .text               mf_w.l(fmul.o)
    0x080002ae   0x080002ae   0x0000007c   Code   RO         5282    .text               mf_w.l(fdiv.o)
    0x0800032a   0x0800032a   0x00000018   Code   RO         5284    .text               mf_w.l(fscalb.o)
    0x08000342   0x08000342   0x0000014e   Code   RO         5286    .text               mf_w.l(dadd.o)
    0x08000490   0x08000490   0x000000e4   Code   RO         5288    .text               mf_w.l(dmul.o)
    0x08000574   0x08000574   0x000000de   Code   RO         5290    .text               mf_w.l(ddiv.o)
    0x08000652   0x08000652   0x0000002e   Code   RO         5292    .text               mf_w.l(dscalb.o)
    0x08000680   0x08000680   0x00000012   Code   RO         5294    .text               mf_w.l(fflti.o)
    0x08000692   0x08000692   0x0000000a   Code   RO         5296    .text               mf_w.l(ffltui.o)
    0x0800069c   0x0800069c   0x00000022   Code   RO         5298    .text               mf_w.l(dflti.o)
    0x080006be   0x080006be   0x0000001a   Code   RO         5300    .text               mf_w.l(dfltui.o)
    0x080006d8   0x080006d8   0x00000032   Code   RO         5302    .text               mf_w.l(ffixi.o)
    0x0800070a   0x0800070a   0x00000028   Code   RO         5304    .text               mf_w.l(ffixui.o)
    0x08000732   0x08000732   0x00000026   Code   RO         5308    .text               mf_w.l(f2d.o)
    0x08000758   0x08000758   0x00000030   Code   RO         5312    .text               mf_w.l(cdrcmple.o)
    0x08000788   0x08000788   0x00000038   Code   RO         5314    .text               mf_w.l(d2f.o)
    0x080007c0   0x080007c0   0x00000014   Code   RO         5316    .text               mf_w.l(cfcmple.o)
    0x080007d4   0x080007d4   0x00000014   Code   RO         5318    .text               mf_w.l(cfrcmple.o)
    0x080007e8   0x080007e8   0x0000002c   Code   RO         5362    .text               mc_w.l(uidiv.o)
    0x08000814   0x08000814   0x00000062   Code   RO         5364    .text               mc_w.l(uldiv.o)
    0x08000876   0x08000876   0x0000001e   Code   RO         5366    .text               mc_w.l(llshl.o)
    0x08000894   0x08000894   0x00000024   Code   RO         5368    .text               mc_w.l(llsshr.o)
    0x080008b8   0x080008b8   0x00000000   Code   RO         5385    .text               mc_w.l(iusefp.o)
    0x080008b8   0x080008b8   0x0000006e   Code   RO         5386    .text               mf_w.l(fepilogue.o)
    0x08000926   0x08000926   0x000000ba   Code   RO         5388    .text               mf_w.l(depilogue.o)
    0x080009e0   0x080009e0   0x00000030   Code   RO         5392    .text               mf_w.l(dfixul.o)
    0x08000a10   0x08000a10   0x00000024   Code   RO         5394    .text               mc_w.l(init.o)
    0x08000a34   0x08000a34   0x000000a2   Code   RO         5400    .text               mf_w.l(dsqrt.o)
    0x08000ad6   0x08000ad6   0x00000056   Code   RO         5413    .text               mc_w.l(__dczerorl2.o)
    0x08000b2c   0x08000b2c   0x00000002   Code   RO         1317    i.BusFault_Handler  stm32f1xx_it.o
    0x08000b2e   0x08000b2e   0x00000004   Code   RO         4362    i.CUSTOM_HID_DeInit_FS  usbd_custom_hid_if.o
    0x08000b32   0x08000b32   0x00000004   Code   RO         4363    i.CUSTOM_HID_Init_FS  usbd_custom_hid_if.o
    0x08000b36   0x08000b36   0x00000002   PAD
    0x08000b38   0x08000b38   0x00000034   Code   RO         4364    i.CUSTOM_HID_OutEvent_FS  usbd_custom_hid_if.o
    0x08000b6c   0x08000b6c   0x0000001c   Code   RO          168    i.ConvertDegToPulse  motor.o
    0x08000b88   0x08000b88   0x0000001c   Code   RO          169    i.ConvertPulseToDeg  motor.o
    0x08000ba4   0x08000ba4   0x00000002   Code   RO         1318    i.DebugMon_Handler  stm32f1xx_it.o
    0x08000ba6   0x08000ba6   0x00000002   Code   RO         1073    i.Error_Handler     main.o
    0x08000ba8   0x08000ba8   0x00000098   Code   RO         2317    i.HAL_DMA_Abort_IT  stm32f1xx_hal_dma.o
    0x08000c40   0x08000c40   0x00000024   Code   RO         1944    i.HAL_Delay         stm32f1xx_hal.o
    0x08000c64   0x08000c64   0x000001e0   Code   RO         2252    i.HAL_GPIO_Init     stm32f1xx_hal_gpio.o
    0x08000e44   0x08000e44   0x0000000a   Code   RO         2256    i.HAL_GPIO_WritePin  stm32f1xx_hal_gpio.o
    0x08000e4e   0x08000e4e   0x00000002   PAD
    0x08000e50   0x08000e50   0x0000000c   Code   RO         1948    i.HAL_GetTick       stm32f1xx_hal.o
    0x08000e5c   0x08000e5c   0x00000010   Code   RO         1954    i.HAL_IncTick       stm32f1xx_hal.o
    0x08000e6c   0x08000e6c   0x00000024   Code   RO         1955    i.HAL_Init          stm32f1xx_hal.o
    0x08000e90   0x08000e90   0x00000040   Code   RO         1956    i.HAL_InitTick      stm32f1xx_hal.o
    0x08000ed0   0x08000ed0   0x0000003c   Code   RO         1423    i.HAL_MspInit       stm32f1xx_hal_msp.o
    0x08000f0c   0x08000f0c   0x0000001a   Code   RO         2412    i.HAL_NVIC_EnableIRQ  stm32f1xx_hal_cortex.o
    0x08000f26   0x08000f26   0x00000002   PAD
    0x08000f28   0x08000f28   0x00000040   Code   RO         2418    i.HAL_NVIC_SetPriority  stm32f1xx_hal_cortex.o
    0x08000f68   0x08000f68   0x00000024   Code   RO         2419    i.HAL_NVIC_SetPriorityGrouping  stm32f1xx_hal_cortex.o
    0x08000f8c   0x08000f8c   0x00000034   Code   RO         1700    i.HAL_PCDEx_PMAConfig  stm32f1xx_hal_pcd_ex.o
    0x08000fc0   0x08000fc0   0x00000002   Code   RO         4404    i.HAL_PCDEx_SetConnectionState  usbd_conf.o
    0x08000fc2   0x08000fc2   0x0000000e   Code   RO         4406    i.HAL_PCD_DataInStageCallback  usbd_conf.o
    0x08000fd0   0x08000fd0   0x00000010   Code   RO         4407    i.HAL_PCD_DataOutStageCallback  usbd_conf.o
    0x08000fe0   0x08000fe0   0x00000048   Code   RO         1492    i.HAL_PCD_EP_Close  stm32f1xx_hal_pcd.o
    0x08001028   0x08001028   0x00000058   Code   RO         1493    i.HAL_PCD_EP_ClrStall  stm32f1xx_hal_pcd.o
    0x08001080   0x08001080   0x0000005c   Code   RO         1496    i.HAL_PCD_EP_Open   stm32f1xx_hal_pcd.o
    0x080010dc   0x080010dc   0x0000002e   Code   RO         1497    i.HAL_PCD_EP_Receive  stm32f1xx_hal_pcd.o
    0x0800110a   0x0800110a   0x0000006a   Code   RO         1498    i.HAL_PCD_EP_SetStall  stm32f1xx_hal_pcd.o
    0x08001174   0x08001174   0x0000002a   Code   RO         1499    i.HAL_PCD_EP_Transmit  stm32f1xx_hal_pcd.o
    0x0800119e   0x0800119e   0x00000116   Code   RO         1501    i.HAL_PCD_IRQHandler  stm32f1xx_hal_pcd.o
    0x080012b4   0x080012b4   0x000000d2   Code   RO         1504    i.HAL_PCD_Init      stm32f1xx_hal_pcd.o
    0x08001386   0x08001386   0x00000002   PAD
    0x08001388   0x08001388   0x0000003c   Code   RO         4412    i.HAL_PCD_MspInit   usbd_conf.o
    0x080013c4   0x080013c4   0x0000001a   Code   RO         4413    i.HAL_PCD_ResetCallback  usbd_conf.o
    0x080013de   0x080013de   0x00000008   Code   RO         4414    i.HAL_PCD_ResumeCallback  usbd_conf.o
    0x080013e6   0x080013e6   0x00000008   Code   RO         4415    i.HAL_PCD_SOFCallback  usbd_conf.o
    0x080013ee   0x080013ee   0x00000028   Code   RO         1510    i.HAL_PCD_SetAddress  stm32f1xx_hal_pcd.o
    0x08001416   0x08001416   0x0000000e   Code   RO         4416    i.HAL_PCD_SetupStageCallback  usbd_conf.o
    0x08001424   0x08001424   0x00000032   Code   RO         1512    i.HAL_PCD_Start     stm32f1xx_hal_pcd.o
    0x08001456   0x08001456   0x00000002   PAD
    0x08001458   0x08001458   0x00000024   Code   RO         4417    i.HAL_PCD_SuspendCallback  usbd_conf.o
    0x0800147c   0x0800147c   0x000000ec   Code   RO         2215    i.HAL_RCCEx_PeriphCLKConfig  stm32f1xx_hal_rcc_ex.o
    0x08001568   0x08001568   0x0000012c   Code   RO         2112    i.HAL_RCC_ClockConfig  stm32f1xx_hal_rcc.o
    0x08001694   0x08001694   0x00000020   Code   RO         2119    i.HAL_RCC_GetPCLK1Freq  stm32f1xx_hal_rcc.o
    0x080016b4   0x080016b4   0x00000020   Code   RO         2120    i.HAL_RCC_GetPCLK2Freq  stm32f1xx_hal_rcc.o
    0x080016d4   0x080016d4   0x0000006c   Code   RO         2121    i.HAL_RCC_GetSysClockFreq  stm32f1xx_hal_rcc.o
    0x08001740   0x08001740   0x00000320   Code   RO         2124    i.HAL_RCC_OscConfig  stm32f1xx_hal_rcc.o
    0x08001a60   0x08001a60   0x00000028   Code   RO         2423    i.HAL_SYSTICK_Config  stm32f1xx_hal_cortex.o
    0x08001a88   0x08001a88   0x00000002   Code   RO         3618    i.HAL_TIMEx_BreakCallback  stm32f1xx_hal_tim_ex.o
    0x08001a8a   0x08001a8a   0x00000002   Code   RO         3619    i.HAL_TIMEx_CommutCallback  stm32f1xx_hal_tim_ex.o
    0x08001a8c   0x08001a8c   0x00000068   Code   RO         3637    i.HAL_TIMEx_MasterConfigSynchronization  stm32f1xx_hal_tim_ex.o
    0x08001af4   0x08001af4   0x0000005a   Code   RO         2914    i.HAL_TIM_Base_Init  stm32f1xx_hal_tim.o
    0x08001b4e   0x08001b4e   0x00000002   PAD
    0x08001b50   0x08001b50   0x00000038   Code   RO         1180    i.HAL_TIM_Base_MspInit  tim.o
    0x08001b88   0x08001b88   0x00000058   Code   RO         2919    i.HAL_TIM_Base_Start_IT  stm32f1xx_hal_tim.o
    0x08001be0   0x08001be0   0x000000d6   Code   RO         2923    i.HAL_TIM_ConfigClockSource  stm32f1xx_hal_tim.o
    0x08001cb6   0x08001cb6   0x000000a4   Code   RO         2935    i.HAL_TIM_Encoder_Init  stm32f1xx_hal_tim.o
    0x08001d5a   0x08001d5a   0x00000002   PAD
    0x08001d5c   0x08001d5c   0x00000054   Code   RO         1182    i.HAL_TIM_Encoder_MspInit  tim.o
    0x08001db0   0x08001db0   0x0000008e   Code   RO         2938    i.HAL_TIM_Encoder_Start  stm32f1xx_hal_tim.o
    0x08001e3e   0x08001e3e   0x00000002   Code   RO         2948    i.HAL_TIM_IC_CaptureCallback  stm32f1xx_hal_tim.o
    0x08001e40   0x08001e40   0x00000166   Code   RO         2962    i.HAL_TIM_IRQHandler  stm32f1xx_hal_tim.o
    0x08001fa6   0x08001fa6   0x00000002   PAD
    0x08001fa8   0x08001fa8   0x0000004c   Code   RO         1183    i.HAL_TIM_MspPostInit  tim.o
    0x08001ff4   0x08001ff4   0x00000002   Code   RO         2965    i.HAL_TIM_OC_DelayElapsedCallback  stm32f1xx_hal_tim.o
    0x08001ff6   0x08001ff6   0x000000c6   Code   RO         2986    i.HAL_TIM_PWM_ConfigChannel  stm32f1xx_hal_tim.o
    0x080020bc   0x080020bc   0x0000005a   Code   RO         2989    i.HAL_TIM_PWM_Init  stm32f1xx_hal_tim.o
    0x08002116   0x08002116   0x00000002   PAD
    0x08002118   0x08002118   0x00000028   Code   RO         1185    i.HAL_TIM_PWM_MspInit  tim.o
    0x08002140   0x08002140   0x00000002   Code   RO         2992    i.HAL_TIM_PWM_PulseFinishedCallback  stm32f1xx_hal_tim.o
    0x08002142   0x08002142   0x00000002   PAD
    0x08002144   0x08002144   0x0000009c   Code   RO         2994    i.HAL_TIM_PWM_Start  stm32f1xx_hal_tim.o
    0x080021e0   0x080021e0   0x00000068   Code   RO         1074    i.HAL_TIM_PeriodElapsedCallback  main.o
    0x08002248   0x08002248   0x00000002   Code   RO         3005    i.HAL_TIM_TriggerCallback  stm32f1xx_hal_tim.o
    0x0800224a   0x0800224a   0x00000002   Code   RO         3906    i.HAL_UART_ErrorCallback  stm32f1xx_hal_uart.o
    0x0800224c   0x0800224c   0x0000015c   Code   RO         3909    i.HAL_UART_IRQHandler  stm32f1xx_hal_uart.o
    0x080023a8   0x080023a8   0x00000062   Code   RO         3910    i.HAL_UART_Init     stm32f1xx_hal_uart.o
    0x0800240a   0x0800240a   0x00000002   PAD
    0x0800240c   0x0800240c   0x00000134   Code   RO         1264    i.HAL_UART_MspInit  usart.o
    0x08002540   0x08002540   0x00000052   Code   RO         3915    i.HAL_UART_Receive_IT  stm32f1xx_hal_uart.o
    0x08002592   0x08002592   0x00000002   PAD
    0x08002594   0x08002594   0x00000064   Code   RO          249    i.HAL_UART_RxCpltCallback  serial.o
    0x080025f8   0x080025f8   0x00000002   Code   RO         3921    i.HAL_UART_TxCpltCallback  stm32f1xx_hal_uart.o
    0x080025fa   0x080025fa   0x00000002   Code   RO         1319    i.HardFault_Handler  stm32f1xx_it.o
    0x080025fc   0x080025fc   0x000000cc   Code   RO         1155    i.MX_GPIO_Init      gpio.o
    0x080026c8   0x080026c8   0x00000064   Code   RO         1186    i.MX_TIM2_Init      tim.o
    0x0800272c   0x0800272c   0x00000070   Code   RO         1187    i.MX_TIM3_Init      tim.o
    0x0800279c   0x0800279c   0x0000006c   Code   RO         1188    i.MX_TIM4_Init      tim.o
    0x08002808   0x08002808   0x00000038   Code   RO         1265    i.MX_USART1_UART_Init  usart.o
    0x08002840   0x08002840   0x00000038   Code   RO         1266    i.MX_USART2_UART_Init  usart.o
    0x08002878   0x08002878   0x00000038   Code   RO         1267    i.MX_USART3_UART_Init  usart.o
    0x080028b0   0x080028b0   0x00000038   Code   RO         4244    i.MX_USB_DEVICE_Init  usb_device.o
    0x080028e8   0x080028e8   0x00000002   Code   RO         1320    i.MemManage_Handler  stm32f1xx_it.o
    0x080028ea   0x080028ea   0x00000002   PAD
    0x080028ec   0x080028ec   0x00000050   Code   RO          171    i.MotorInit         motor.o
    0x0800293c   0x0800293c   0x00000198   Code   RO          172    i.MotorMovePos      motor.o
    0x08002ad4   0x08002ad4   0x00000040   Code   RO          173    i.MotorSetDir       motor.o
    0x08002b14   0x08002b14   0x0000000c   Code   RO          174    i.MotorSetDuty      motor.o
    0x08002b20   0x08002b20   0x0000008c   Code   RO          175    i.MotorTuning       motor.o
    0x08002bac   0x08002bac   0x00000002   Code   RO         1321    i.NMI_Handler       stm32f1xx_it.o
    0x08002bae   0x08002bae   0x000002c2   Code   RO         1515    i.PCD_EP_ISR_Handler  stm32f1xx_hal_pcd.o
    0x08002e70   0x08002e70   0x000000d0   Code   RO           13    i.PIDCompute        pid.o
    0x08002f40   0x08002f40   0x00000020   Code   RO           14    i.PIDInit           pid.o
    0x08002f60   0x08002f60   0x0000001c   Code   RO           15    i.PIDReset          pid.o
    0x08002f7c   0x08002f7c   0x00000002   Code   RO         1322    i.PendSV_Handler    stm32f1xx_it.o
    0x08002f7e   0x08002f7e   0x00000002   PAD
    0x08002f80   0x08002f80   0x0000004c   Code   RO          250    i.Received          serial.o
    0x08002fcc   0x08002fcc   0x00000002   Code   RO         1323    i.SVC_Handler       stm32f1xx_it.o
    0x08002fce   0x08002fce   0x00000002   Code   RO          252    i.SerialAcceptReceive  serial.o
    0x08002fd0   0x08002fd0   0x00000002   Code   RO          254    i.SerialInit        serial.o
    0x08002fd2   0x08002fd2   0x00000002   PAD
    0x08002fd4   0x08002fd4   0x00000058   Code   RO          255    i.SerialParse       serial.o
    0x0800302c   0x0800302c   0x00000054   Code   RO          256    i.SerialWriteComm   serial.o
    0x08003080   0x08003080   0x0000001c   Code   RO          257    i.StrCompare        serial.o
    0x0800309c   0x0800309c   0x00000004   Code   RO         1324    i.SysTick_Handler   stm32f1xx_it.o
    0x080030a0   0x080030a0   0x00000060   Code   RO         1075    i.SystemClock_Config  main.o
    0x08003100   0x08003100   0x00000002   Code   RO         4207    i.SystemInit        system_stm32f1xx.o
    0x08003102   0x08003102   0x00000002   PAD
    0x08003104   0x08003104   0x0000000c   Code   RO         1325    i.TIM2_IRQHandler   stm32f1xx_it.o
    0x08003110   0x08003110   0x0000006c   Code   RO         3007    i.TIM_Base_SetConfig  stm32f1xx_hal_tim.o
    0x0800317c   0x0800317c   0x0000001a   Code   RO         3008    i.TIM_CCxChannelCmd  stm32f1xx_hal_tim.o
    0x08003196   0x08003196   0x00000014   Code   RO         3018    i.TIM_ETR_SetConfig  stm32f1xx_hal_tim.o
    0x080031aa   0x080031aa   0x00000010   Code   RO         3019    i.TIM_ITRx_SetConfig  stm32f1xx_hal_tim.o
    0x080031ba   0x080031ba   0x00000002   PAD
    0x080031bc   0x080031bc   0x00000050   Code   RO         3020    i.TIM_OC1_SetConfig  stm32f1xx_hal_tim.o
    0x0800320c   0x0800320c   0x00000058   Code   RO         3021    i.TIM_OC2_SetConfig  stm32f1xx_hal_tim.o
    0x08003264   0x08003264   0x00000058   Code   RO         3022    i.TIM_OC3_SetConfig  stm32f1xx_hal_tim.o
    0x080032bc   0x080032bc   0x00000044   Code   RO         3023    i.TIM_OC4_SetConfig  stm32f1xx_hal_tim.o
    0x08003300   0x08003300   0x00000022   Code   RO         3025    i.TIM_TI1_ConfigInputStage  stm32f1xx_hal_tim.o
    0x08003322   0x08003322   0x00000024   Code   RO         3027    i.TIM_TI2_ConfigInputStage  stm32f1xx_hal_tim.o
    0x08003346   0x08003346   0x00000010   Code   RO         3923    i.UART_DMAAbortOnError  stm32f1xx_hal_uart.o
    0x08003356   0x08003356   0x0000001c   Code   RO         3933    i.UART_EndRxTransfer  stm32f1xx_hal_uart.o
    0x08003372   0x08003372   0x0000008c   Code   RO         3935    i.UART_Receive_IT   stm32f1xx_hal_uart.o
    0x080033fe   0x080033fe   0x00000002   PAD
    0x08003400   0x08003400   0x000000b8   Code   RO         3936    i.UART_SetConfig    stm32f1xx_hal_uart.o
    0x080034b8   0x080034b8   0x0000000c   Code   RO         1326    i.USART1_IRQHandler  stm32f1xx_it.o
    0x080034c4   0x080034c4   0x0000000c   Code   RO         1327    i.USART2_IRQHandler  stm32f1xx_it.o
    0x080034d0   0x080034d0   0x0000000c   Code   RO         1328    i.USART3_IRQHandler  stm32f1xx_it.o
    0x080034dc   0x080034dc   0x0000000e   Code   RO         4874    i.USBD_CUSTOM_HID_DataIn  usbd_customhid.o
    0x080034ea   0x080034ea   0x00000024   Code   RO         4875    i.USBD_CUSTOM_HID_DataOut  usbd_customhid.o
    0x0800350e   0x0800350e   0x00000032   Code   RO         4876    i.USBD_CUSTOM_HID_DeInit  usbd_customhid.o
    0x08003540   0x08003540   0x00000022   Code   RO         4877    i.USBD_CUSTOM_HID_EP0_RxReady  usbd_customhid.o
    0x08003562   0x08003562   0x00000002   PAD
    0x08003564   0x08003564   0x0000000c   Code   RO         4878    i.USBD_CUSTOM_HID_GetCfgDesc  usbd_customhid.o
    0x08003570   0x08003570   0x0000000c   Code   RO         4879    i.USBD_CUSTOM_HID_GetDeviceQualifierDesc  usbd_customhid.o
    0x0800357c   0x0800357c   0x0000004c   Code   RO         4880    i.USBD_CUSTOM_HID_Init  usbd_customhid.o
    0x080035c8   0x080035c8   0x00000010   Code   RO         4881    i.USBD_CUSTOM_HID_RegisterInterface  usbd_customhid.o
    0x080035d8   0x080035d8   0x00000028   Code   RO         4882    i.USBD_CUSTOM_HID_SendReport  usbd_customhid.o
    0x08003600   0x08003600   0x000000b8   Code   RO         4883    i.USBD_CUSTOM_HID_Setup  usbd_customhid.o
    0x080036b8   0x080036b8   0x0000000e   Code   RO         4611    i.USBD_ClrClassConfig  usbd_core.o
    0x080036c6   0x080036c6   0x00000010   Code   RO         4814    i.USBD_CtlContinueRx  usbd_ioreq.o
    0x080036d6   0x080036d6   0x00000010   Code   RO         4815    i.USBD_CtlContinueSendData  usbd_ioreq.o
    0x080036e6   0x080036e6   0x00000016   Code   RO         4749    i.USBD_CtlError     usbd_ctlreq.o
    0x080036fc   0x080036fc   0x0000001e   Code   RO         4816    i.USBD_CtlPrepareRx  usbd_ioreq.o
    0x0800371a   0x0800371a   0x00000016   Code   RO         4817    i.USBD_CtlReceiveStatus  usbd_ioreq.o
    0x08003730   0x08003730   0x0000001a   Code   RO         4818    i.USBD_CtlSendData  usbd_ioreq.o
    0x0800374a   0x0800374a   0x00000016   Code   RO         4819    i.USBD_CtlSendStatus  usbd_ioreq.o
    0x08003760   0x08003760   0x00000028   Code   RO         4278    i.USBD_FS_ConfigStrDescriptor  usbd_desc.o
    0x08003788   0x08003788   0x0000000c   Code   RO         4279    i.USBD_FS_DeviceDescriptor  usbd_desc.o
    0x08003794   0x08003794   0x0000002c   Code   RO         4280    i.USBD_FS_InterfaceStrDescriptor  usbd_desc.o
    0x080037c0   0x080037c0   0x0000000c   Code   RO         4281    i.USBD_FS_LangIDStrDescriptor  usbd_desc.o
    0x080037cc   0x080037cc   0x00000028   Code   RO         4282    i.USBD_FS_ManufacturerStrDescriptor  usbd_desc.o
    0x080037f4   0x080037f4   0x0000002c   Code   RO         4283    i.USBD_FS_ProductStrDescriptor  usbd_desc.o
    0x08003820   0x08003820   0x00000024   Code   RO         4284    i.USBD_FS_SerialStrDescriptor  usbd_desc.o
    0x08003844   0x08003844   0x000000f2   Code   RO         4750    i.USBD_GetDescriptor  usbd_ctlreq.o
    0x08003936   0x08003936   0x00000046   Code   RO         4751    i.USBD_GetString    usbd_ctlreq.o
    0x0800397c   0x0800397c   0x0000002a   Code   RO         4613    i.USBD_Init         usbd_core.o
    0x080039a6   0x080039a6   0x00000020   Code   RO         4418    i.USBD_LL_ClearStallEP  usbd_conf.o
    0x080039c6   0x080039c6   0x00000020   Code   RO         4419    i.USBD_LL_CloseEP   usbd_conf.o
    0x080039e6   0x080039e6   0x000000aa   Code   RO         4614    i.USBD_LL_DataInStage  usbd_core.o
    0x08003a90   0x08003a90   0x0000006a   Code   RO         4615    i.USBD_LL_DataOutStage  usbd_core.o
    0x08003afa   0x08003afa   0x00000002   PAD
    0x08003afc   0x08003afc   0x000000a0   Code   RO         4424    i.USBD_LL_Init      usbd_conf.o
    0x08003b9c   0x08003b9c   0x0000001c   Code   RO         4425    i.USBD_LL_IsStallEP  usbd_conf.o
    0x08003bb8   0x08003bb8   0x00000026   Code   RO         4426    i.USBD_LL_OpenEP    usbd_conf.o
    0x08003bde   0x08003bde   0x00000020   Code   RO         4427    i.USBD_LL_PrepareReceive  usbd_conf.o
    0x08003bfe   0x08003bfe   0x0000003e   Code   RO         4620    i.USBD_LL_Reset     usbd_core.o
    0x08003c3c   0x08003c3c   0x0000000c   Code   RO         4621    i.USBD_LL_Resume    usbd_core.o
    0x08003c48   0x08003c48   0x00000018   Code   RO         4622    i.USBD_LL_SOF       usbd_core.o
    0x08003c60   0x08003c60   0x00000006   Code   RO         4623    i.USBD_LL_SetSpeed  usbd_core.o
    0x08003c66   0x08003c66   0x00000020   Code   RO         4428    i.USBD_LL_SetUSBAddress  usbd_conf.o
    0x08003c86   0x08003c86   0x0000005a   Code   RO         4624    i.USBD_LL_SetupStage  usbd_core.o
    0x08003ce0   0x08003ce0   0x00000020   Code   RO         4429    i.USBD_LL_StallEP   usbd_conf.o
    0x08003d00   0x08003d00   0x00000020   Code   RO         4430    i.USBD_LL_Start     usbd_conf.o
    0x08003d20   0x08003d20   0x00000012   Code   RO         4625    i.USBD_LL_Suspend   usbd_core.o
    0x08003d32   0x08003d32   0x00000020   Code   RO         4432    i.USBD_LL_Transmit  usbd_conf.o
    0x08003d52   0x08003d52   0x00000028   Code   RO         4752    i.USBD_ParseSetupRequest  usbd_ctlreq.o
    0x08003d7a   0x08003d7a   0x00000010   Code   RO         4626    i.USBD_RegisterClass  usbd_core.o
    0x08003d8a   0x08003d8a   0x00000016   Code   RO         4628    i.USBD_SetClassConfig  usbd_core.o
    0x08003da0   0x08003da0   0x00000074   Code   RO         4753    i.USBD_SetConfig    usbd_ctlreq.o
    0x08003e14   0x08003e14   0x0000000a   Code   RO         4629    i.USBD_Start        usbd_core.o
    0x08003e1e   0x08003e1e   0x000000f2   Code   RO         4754    i.USBD_StdDevReq    usbd_ctlreq.o
    0x08003f10   0x08003f10   0x000000dc   Code   RO         4755    i.USBD_StdEPReq     usbd_ctlreq.o
    0x08003fec   0x08003fec   0x00000034   Code   RO         4756    i.USBD_StdItfReq    usbd_ctlreq.o
    0x08004020   0x08004020   0x00000002   Code   RO         4433    i.USBD_static_free  usbd_conf.o
    0x08004022   0x08004022   0x00000002   PAD
    0x08004024   0x08004024   0x00000008   Code   RO         4434    i.USBD_static_malloc  usbd_conf.o
    0x0800402c   0x0800402c   0x00000266   Code   RO         1740    i.USB_ActivateEndpoint  stm32f1xx_ll_usb.o
    0x08004292   0x08004292   0x00000004   Code   RO         1743    i.USB_CoreInit      stm32f1xx_ll_usb.o
    0x08004296   0x08004296   0x0000010e   Code   RO         1745    i.USB_DeactivateEndpoint  stm32f1xx_ll_usb.o
    0x080043a4   0x080043a4   0x00000004   Code   RO         1746    i.USB_DevConnect    stm32f1xx_ll_usb.o
    0x080043a8   0x080043a8   0x00000004   Code   RO         1747    i.USB_DevDisconnect  stm32f1xx_ll_usb.o
    0x080043ac   0x080043ac   0x0000001e   Code   RO         1748    i.USB_DevInit       stm32f1xx_ll_usb.o
    0x080043ca   0x080043ca   0x0000000e   Code   RO         1749    i.USB_DisableGlobalInt  stm32f1xx_ll_usb.o
    0x080043d8   0x080043d8   0x00000004   Code   RO         1750    i.USB_EP0_OutStart  stm32f1xx_ll_usb.o
    0x080043dc   0x080043dc   0x00000078   Code   RO         1751    i.USB_EPClearStall  stm32f1xx_ll_usb.o
    0x08004454   0x08004454   0x00000032   Code   RO         1752    i.USB_EPSetStall    stm32f1xx_ll_usb.o
    0x08004486   0x08004486   0x0000019c   Code   RO         1753    i.USB_EPStartXfer   stm32f1xx_ll_usb.o
    0x08004622   0x08004622   0x0000000e   Code   RO         1754    i.USB_EnableGlobalInt  stm32f1xx_ll_usb.o
    0x08004630   0x08004630   0x0000000c   Code   RO         1329    i.USB_LP_CAN1_RX0_IRQHandler  stm32f1xx_it.o
    0x0800463c   0x0800463c   0x00000006   Code   RO         1761    i.USB_ReadInterrupts  stm32f1xx_ll_usb.o
    0x08004642   0x08004642   0x00000002   PAD
    0x08004644   0x08004644   0x0000002c   Code   RO         1762    i.USB_ReadPMA       stm32f1xx_ll_usb.o
    0x08004670   0x08004670   0x00000004   Code   RO         1764    i.USB_SetCurrentMode  stm32f1xx_ll_usb.o
    0x08004674   0x08004674   0x0000000c   Code   RO         1765    i.USB_SetDevAddress  stm32f1xx_ll_usb.o
    0x08004680   0x08004680   0x00000026   Code   RO         1768    i.USB_WritePMA      stm32f1xx_ll_usb.o
    0x080046a6   0x080046a6   0x00000002   Code   RO         1330    i.UsageFault_Handler  stm32f1xx_it.o
    0x080046a8   0x080046a8   0x00000020   Code   RO         5216    i.__0printf         mc_w.l(printfa.o)
    0x080046c8   0x080046c8   0x00000028   Code   RO         5218    i.__0sprintf        mc_w.l(printfa.o)
    0x080046f0   0x080046f0   0x00000028   Code   RO         5334    i.__ARM_fpclassify  m_ws.l(fpclassify.o)
    0x08004718   0x08004718   0x00000020   Code   RO         2425    i.__NVIC_SetPriority  stm32f1xx_hal_cortex.o
    0x08004738   0x08004738   0x0000005c   Code   RO         5248    i.__free$realloc    mc_w.l(mallocr.o)
    0x08004794   0x08004794   0x000000aa   Code   RO         5336    i.__kernel_poly     m_ws.l(poly.o)
    0x0800483e   0x0800483e   0x00000002   PAD
    0x08004840   0x08004840   0x00000050   Code   RO         5249    i.__malloc$realloc  mc_w.l(mallocr.o)
    0x08004890   0x08004890   0x00000010   Code   RO         5320    i.__mathlib_dbl_divzero  m_ws.l(dunder.o)
    0x080048a0   0x080048a0   0x00000004   Code   RO         5322    i.__mathlib_dbl_infnan2  m_ws.l(dunder.o)
    0x080048a4   0x080048a4   0x0000000c   Code   RO         5323    i.__mathlib_dbl_invalid  m_ws.l(dunder.o)
    0x080048b0   0x080048b0   0x0000000e   Code   RO         5324    i.__mathlib_dbl_overflow  m_ws.l(dunder.o)
    0x080048be   0x080048be   0x00000002   PAD
    0x080048c0   0x080048c0   0x00000010   Code   RO         5326    i.__mathlib_dbl_underflow  m_ws.l(dunder.o)
    0x080048d0   0x080048d0   0x0000000e   Code   RO         5407    i.__scatterload_copy  mc_w.l(handlers.o)
    0x080048de   0x080048de   0x00000002   Code   RO         5408    i.__scatterload_null  mc_w.l(handlers.o)
    0x080048e0   0x080048e0   0x0000000e   Code   RO         5409    i.__scatterload_zeroinit  mc_w.l(handlers.o)
    0x080048ee   0x080048ee   0x00000002   PAD
    0x080048f0   0x080048f0   0x0000000c   Code   RO         5374    i.__set_errno       mc_w.l(errno.o)
    0x080048fc   0x080048fc   0x00000184   Code   RO         5223    i._fp_digits        mc_w.l(printfa.o)
    0x08004a80   0x08004a80   0x000006dc   Code   RO         5224    i._printf_core      mc_w.l(printfa.o)
    0x0800515c   0x0800515c   0x00000024   Code   RO         5225    i._printf_post_padding  mc_w.l(printfa.o)
    0x08005180   0x08005180   0x0000002e   Code   RO         5226    i._printf_pre_padding  mc_w.l(printfa.o)
    0x080051ae   0x080051ae   0x0000000a   Code   RO         5228    i._sputc            mc_w.l(printfa.o)
    0x080051b8   0x080051b8   0x00000002   Code   RO         1076    i.fputc             main.o
    0x080051ba   0x080051ba   0x00000002   PAD
    0x080051bc   0x080051bc   0x00000050   Code   RO         5250    i.internal_alloc    mc_w.l(mallocr.o)
    0x0800520c   0x0800520c   0x00000608   Code   RO         1077    i.main              main.o
    0x08005814   0x08005814   0x000009d8   Code   RO         4949    i.pow               m_ws.l(pow.o)
    0x080061ec   0x080061ec   0x0000004c   Code   RO         5340    i.sqrt              m_ws.l(sqrt.o)
    0x08006238   0x08006238   0x00000022   Code   RO          258    i.subString         serial.o
    0x0800625a   0x0800625a   0x00000010   Data   RO         4208    .constdata          system_stm32f1xx.o
    0x0800626a   0x0800626a   0x00000008   Data   RO         4209    .constdata          system_stm32f1xx.o
    0x08006272   0x08006272   0x00000006   PAD
    0x08006278   0x08006278   0x00000088   Data   RO         4950    .constdata          m_ws.l(pow.o)
    0x08006300   0x08006300   0x00000008   Data   RO         5338    .constdata          m_ws.l(qnan.o)
    0x08006308   0x08006308   0x00000020   Data   RO         5405    Region$$Table       anon$$obj.o


    Execution Region RW_IRAM1 (Exec base: 0x20000000, Load base: 0x08006328, Size: 0x00001898, Max: 0x00005000, ABSOLUTE, COMPRESSED[0x000000b0])

    Exec Addr    Load Addr    Size         Type   Attr      Idx    E Section Name        Object

    0x20000000   COMPRESSED   0x00000004   Data   RW           17    .data               pid.o
    0x20000004   COMPRESSED   0x00000014   Data   RW          177    .data               motor.o
    0x20000018   COMPRESSED   0x0000001c   Data   RW          261    .data               serial.o
    0x20000034   COMPRESSED   0x00000004   Data   RW         1093    .data               main.o
    0x20000038   COMPRESSED   0x00000018   Data   RW         1095    .data               main.o
    0x20000050   COMPRESSED   0x0000000c   Data   RW         1962    .data               stm32f1xx_hal.o
    0x2000005c   COMPRESSED   0x00000004   Data   RW         4210    .data               system_stm32f1xx.o
    0x20000060   COMPRESSED   0x0000001c   Data   RW         4286    .data               usbd_desc.o
    0x2000007c   COMPRESSED   0x00000016   Data   RW         4287    .data               usbd_desc.o
    0x20000092   COMPRESSED   0x00000002   PAD
    0x20000094   COMPRESSED   0x0000001c   Data   RW         4366    .data               usbd_custom_hid_if.o
    0x200000b0   COMPRESSED   0x00000010   Data   RW         4367    .data               usbd_custom_hid_if.o
    0x200000c0   COMPRESSED   0x00000001   Data   RW         4757    .data               usbd_ctlreq.o
    0x200000c1   COMPRESSED   0x00000003   PAD
    0x200000c4   COMPRESSED   0x0000003c   Data   RW         4884    .data               usbd_customhid.o
    0x20000100   COMPRESSED   0x00000042   Data   RW         4885    .data               usbd_customhid.o
    0x20000142   COMPRESSED   0x00000002   PAD
    0x20000144   COMPRESSED   0x00000004   Data   RW         5361    .data               mc_w.l(stdout.o)
    0x20000148   COMPRESSED   0x00000004   Data   RW         5370    .data               mc_w.l(mvars.o)
    0x2000014c   COMPRESSED   0x00000004   Data   RW         5371    .data               mc_w.l(mvars.o)
    0x20000150   COMPRESSED   0x00000004   Data   RW         5375    .data               mc_w.l(errno.o)
    0x20000154        -       0x000009c4   Zero   RW          176    .bss                motor.o
    0x20000b18        -       0x000000da   Zero   RW          259    .bss                serial.o
    0x20000bf2   COMPRESSED   0x00000002   PAD
    0x20000bf4        -       0x000000d8   Zero   RW         1189    .bss                tim.o
    0x20000ccc        -       0x000000c0   Zero   RW         1268    .bss                usart.o
    0x20000d8c        -       0x00000224   Zero   RW         4245    .bss                usb_device.o
    0x20000fb0        -       0x00000020   Zero   RW         4285    .bss                usbd_desc.o
    0x20000fd0        -       0x000002c8   Zero   RW         4435    .bss                usbd_conf.o
    0x20001298        -       0x00000200   Zero   RW            2    HEAP                startup_stm32f103xb.o
    0x20001498        -       0x00000400   Zero   RW            1    STACK               startup_stm32f103xb.o


==============================================================================

Image component sizes


      Code (inc. data)   RO Data    RW Data    ZI Data      Debug   Object Name

       204         16          0          0          0        939   gpio.o
      1748        226          0         28          0       6438   main.o
       760         84          0         20       2500       6024   motor.o
       268         12          0          4          0     440320   pid.o
       414         74          0         28        218      13217   serial.o
        36          8        236          0       1536        784   startup_stm32f103xb.o
       164         28          0         12          0       5741   stm32f1xx_hal.o
       198         14          0          0          0      28815   stm32f1xx_hal_cortex.o
       152          4          0          0          0       1063   stm32f1xx_hal_dma.o
       490         34          0          0          0       2832   stm32f1xx_hal_gpio.o
        60          8          0          0          0        830   stm32f1xx_hal_msp.o
      1730          0          0          0          0       9481   stm32f1xx_hal_pcd.o
        52          0          0          0          0       1134   stm32f1xx_hal_pcd_ex.o
      1272        100          0          0          0       5068   stm32f1xx_hal_rcc.o
       236         12          0          0          0       1340   stm32f1xx_hal_rcc_ex.o
      2072         58          0          0          0      16779   stm32f1xx_hal_tim.o
       108         12          0          0          0       2289   stm32f1xx_hal_tim_ex.o
       900         10          0          0          0       6695   stm32f1xx_hal_uart.o
        80         30          0          0          0       5777   stm32f1xx_it.o
      1644          0          0          0          0      14181   stm32f1xx_ll_usb.o
         2          0         24          4          0       1059   system_stm32f1xx.o
       576         64          0          0        216       4494   tim.o
       476         50          0          0        192       2912   usart.o
        56         18          0          0        548        700   usb_device.o
       644         66          0          0        712      12813   usbd_conf.o
       592          0          0          0          0       8876   usbd_core.o
      1004         30          0          1          0       7572   usbd_ctlreq.o
        60         14          0         44          0       2377   usbd_custom_hid_if.o
       474         22          0        126          0       9107   usbd_customhid.o
       228        132          0         50         32       9351   usbd_desc.o
       132          0          0          0          0       4184   usbd_ioreq.o

    ----------------------------------------------------------------------
     16878       1126        298        324       5956     633192   Object Totals
         0          0         32          0          0          0   (incl. Generated)
        46          0          6          7          2          0   (incl. Padding)

    ----------------------------------------------------------------------

      Code (inc. data)   RO Data    RW Data    ZI Data      Debug   Library Member Name

        62         10          0          0          0        340   dunder.o
        40          0          0          0          0         68   fpclassify.o
       170          0          0          0          0         96   poly.o
      2520        190        136          0          0        324   pow.o
         0          0          8          0          0          0   qnan.o
        76          0          0          0          0         84   sqrt.o
        86          0          0          0          0          0   __dczerorl2.o
         0          0          0          0          0          0   entry.o
         0          0          0          0          0          0   entry10a.o
         0          0          0          0          0          0   entry11a.o
         8          4          0          0          0          0   entry2.o
         4          0          0          0          0          0   entry5.o
         0          0          0          0          0          0   entry7b.o
         0          0          0          0          0          0   entry8b.o
         8          4          0          0          0          0   entry9a.o
        12          6          0          4          0         68   errno.o
        30          0          0          0          0          0   handlers.o
        36          8          0          0          0         68   init.o
         0          0          0          0          0          0   iusefp.o
        30          0          0          0          0         68   llshl.o
        36          0          0          0          0         68   llsshr.o
        32          0          0          0          0         68   llushr.o
       252         24          0          0          0        252   mallocr.o
        36          0          0          0          0         68   memcpya.o
        36          0          0          0          0        108   memseta.o
         0          0          0          8          0          0   mvars.o
      2308         96          0          0          0        604   printfa.o
         0          0          0          4          0          0   stdout.o
        14          0          0          0          0         68   strlen.o
        44          0          0          0          0         80   uidiv.o
        98          0          0          0          0         92   uldiv.o
        48          0          0          0          0         68   cdrcmple.o
        20          0          0          0          0         68   cfcmple.o
        20          0          0          0          0         68   cfrcmple.o
        56          0          0          0          0         88   d2f.o
       334          0          0          0          0        148   dadd.o
       222          0          0          0          0        100   ddiv.o
       186          0          0          0          0        176   depilogue.o
        48          0          0          0          0         68   dfixul.o
        34          0          0          0          0         76   dflti.o
        26          0          0          0          0         76   dfltui.o
       228          0          0          0          0         96   dmul.o
        46          0          0          0          0         80   dscalb.o
       162          0          0          0          0        100   dsqrt.o
        38          0          0          0          0         68   f2d.o
       176          0          0          0          0        140   fadd.o
       124          0          0          0          0         88   fdiv.o
       110          0          0          0          0        168   fepilogue.o
        50          0          0          0          0         68   ffixi.o
        40          0          0          0          0         68   ffixui.o
        18          0          0          0          0         68   fflti.o
        10          0          0          0          0         68   ffltui.o
       100          0          0          0          0         76   fmul.o
        24          0          0          0          0         68   fscalb.o

    ----------------------------------------------------------------------
      8064        342        144         16          0       4616   Library Totals
         6          0          0          0          0          0   (incl. Padding)

    ----------------------------------------------------------------------

      Code (inc. data)   RO Data    RW Data    ZI Data      Debug   Library Name

      2868        200        144          0          0        912   m_ws.l
      3070        142          0         16          0       1612   mc_w.l
      2120          0          0          0          0       2092   mf_w.l

    ----------------------------------------------------------------------
      8064        342        144         16          0       4616   Library Totals

    ----------------------------------------------------------------------

==============================================================================


      Code (inc. data)   RO Data    RW Data    ZI Data      Debug   

     24942       1468        442        340       5956     625092   Grand Totals
     24942       1468        442        176       5956     625092   ELF Image Totals (compressed)
     24942       1468        442        176          0          0   ROM Totals

==============================================================================

    Total RO  Size (Code + RO Data)                25384 (  24.79kB)
    Total RW  Size (RW Data + ZI Data)              6296 (   6.15kB)
    Total ROM Size (Code + RO Data + RW Data)      25560 (  24.96kB)

==============================================================================

